S37 {'schema': '(acc - ({H} * first))', 'compositions': 61, 'admissible_families': 673, 'sampled': 1074, 'compositions_rate>=0.25': 34, 'mean_rate': 0.491}
S34 {'schema': '(1 - ({H} + acc))', 'compositions': 61, 'admissible_families': 686, 'sampled': 1008, 'compositions_rate>=0.25': 33, 'mean_rate': 0.457}
S19 {'schema': '(acc - (last - {H}))', 'compositions': 61, 'admissible_families': 647, 'sampled': 1104, 'compositions_rate>=0.25': 30, 'mean_rate': 0.449}
S01 {'schema': '((1 + {H}) + v)', 'compositions': 61, 'admissible_families': 480, 'sampled': 1050, 'compositions_rate>=0.25': 35, 'mean_rate': 0.446}
S10 {'schema': 'math.gcd(abs(0), abs(({H} + v)))', 'compositions': 61, 'admissible_families': 481, 'sampled': 1056, 'compositions_rate>=0.25': 35, 'mean_rate': 0.446}
G1 {'schema': '(acc + {H})', 'compositions': 63, 'admissible_families': 1639, 'sampled': 4242, 'compositions_rate>=0.25': 31, 'mean_rate': 0.362}
S33 {'schema': '((1 + {H}) * v)', 'compositions': 61, 'admissible_families': 460, 'sampled': 1056, 'compositions_rate>=0.25': 26, 'mean_rate': 0.362}
S16 {'schema': '(({H} * v) + v)', 'compositions': 61, 'admissible_families': 415, 'sampled': 1056, 'compositions_rate>=0.25': 25, 'mean_rate': 0.355}
S15 {'schema': '((first * {H}) + v)', 'compositions': 61, 'admissible_families': 415, 'sampled': 1050, 'compositions_rate>=0.25': 24, 'mean_rate': 0.337}
S39 {'schema': '(first + ({H} * v))', 'compositions': 61, 'admissible_families': 376, 'sampled': 978, 'compositions_rate>=0.25': 25, 'mean_rate': 0.334}
S35 {'schema': '(v - (acc % {H}))', 'compositions': 63, 'admissible_families': 608, 'sampled': 1722, 'compositions_rate>=0.25': 37, 'mean_rate': 0.327}
S38 {'schema': '(acc * math.gcd(abs({H}), abs(last)))', 'compositions': 61, 'admissible_families': 357, 'sampled': 1074, 'compositions_rate>=0.25': 26, 'mean_rate': 0.279}
S30 {'schema': '({H} + v)', 'compositions': 63, 'admissible_families': 1193, 'sampled': 4086, 'compositions_rate>=0.25': 30, 'mean_rate': 0.263}
S32 {'schema': '(acc * (1 + {H}))', 'compositions': 61, 'admissible_families': 289, 'sampled': 1056, 'compositions_rate>=0.25': 22, 'mean_rate': 0.262}
S36 {'schema': '(v - ({H} * v))', 'compositions': 80, 'admissible_families': 427, 'sampled': 1002, 'compositions_rate>=0.25': 26, 'mean_rate': 0.256}
S18 {'schema': '(v - {H})', 'compositions': 82, 'admissible_families': 1185, 'sampled': 4266, 'compositions_rate>=0.25': 32, 'mean_rate': 0.212}
S17 {'schema': '({H} * v)', 'compositions': 82, 'admissible_families': 782, 'sampled': 4098, 'compositions_rate>=0.25': 23, 'mean_rate': 0.144}
S02 {'schema': '(acc * {H})', 'compositions': 82, 'admissible_families': 634, 'sampled': 4128, 'compositions_rate>=0.25': 18, 'mean_rate': 0.119}
S22 {'schema': 'math.gcd(abs(acc), abs({H}))', 'compositions': 63, 'admissible_families': 418, 'sampled': 4248, 'compositions_rate>=0.25': 7, 'mean_rate': 0.092}
S12 {'schema': 'math.gcd(abs((acc % {H})), abs(v))', 'compositions': 63, 'admissible_families': 145, 'sampled': 1662, 'compositions_rate>=0.25': 4, 'mean_rate': 0.079}
S03 {'schema': 'math.gcd(abs({H}), abs(v))', 'compositions': 63, 'admissible_families': 346, 'sampled': 3888, 'compositions_rate>=0.25': 5, 'mean_rate': 0.076}
S27 {'schema': '(math.gcd(abs({H}), abs(v)) * v)', 'compositions': 61, 'admissible_families': 148, 'sampled': 1050, 'compositions_rate>=0.25': 5, 'mean_rate': 0.074}
S06 {'schema': '(v % math.gcd(abs(0), abs({H})))', 'compositions': 63, 'admissible_families': 80, 'sampled': 930, 'compositions_rate>=0.25': 4, 'mean_rate': 0.061}
S21 {'schema': 'math.gcd(abs(first), abs(({H} * v)))', 'compositions': 61, 'admissible_families': 78, 'sampled': 930, 'compositions_rate>=0.25': 6, 'mean_rate': 0.061}
S14 {'schema': '(first - math.gcd(abs({H}), abs(v)))', 'compositions': 61, 'admissible_families': 103, 'sampled': 1056, 'compositions_rate>=0.25': 3, 'mean_rate': 0.058}
S08 {'schema': '(first * math.gcd(abs({H}), abs(v)))', 'compositions': 61, 'admissible_families': 105, 'sampled': 1014, 'compositions_rate>=0.25': 3, 'mean_rate': 0.057}
S31 {'schema': '(last // ({H} * v))', 'compositions': 63, 'admissible_families': 65, 'sampled': 996, 'compositions_rate>=0.25': 5, 'mean_rate': 0.051}
S20 {'schema': '(v // {H})', 'compositions': 63, 'admissible_families': 204, 'sampled': 4356, 'compositions_rate>=0.25': 3, 'mean_rate': 0.045}
S13 {'schema': '((first // {H}) * v)', 'compositions': 63, 'admissible_families': 75, 'sampled': 1020, 'compositions_rate>=0.25': 4, 'mean_rate': 0.044}
S23 {'schema': '(v % {H})', 'compositions': 63, 'admissible_families': 198, 'sampled': 4392, 'compositions_rate>=0.25': 3, 'mean_rate': 0.044}
S25 {'schema': 'pow(v, pow(0, {H}))', 'compositions': 80, 'admissible_families': 32, 'sampled': 828, 'compositions_rate>=0.25': 6, 'mean_rate': 0.044}
S40 {'schema': 'math.gcd(abs(pow(last, {H})), abs(v))', 'compositions': 61, 'admissible_families': 70, 'sampled': 1026, 'compositions_rate>=0.25': 5, 'mean_rate': 0.038}
S05 {'schema': '(first % ({H} + v))', 'compositions': 63, 'admissible_families': 68, 'sampled': 1050, 'compositions_rate>=0.25': 3, 'mean_rate': 0.035}
S24 {'schema': 'math.gcd(abs(last), abs(pow(acc, {H})))', 'compositions': 61, 'admissible_families': 64, 'sampled': 804, 'compositions_rate>=0.25': 3, 'mean_rate': 0.035}
S07 {'schema': '(pow(last, {H}) + v)', 'compositions': 61, 'admissible_families': 42, 'sampled': 1074, 'compositions_rate>=0.25': 3, 'mean_rate': 0.019}
S28 {'schema': 'pow(v, {H})', 'compositions': 82, 'admissible_families': 46, 'sampled': 4158, 'compositions_rate>=0.25': 2, 'mean_rate': 0.019}
S26 {'schema': '(pow(last, {H}) * v)', 'compositions': 61, 'admissible_families': 36, 'sampled': 1068, 'compositions_rate>=0.25': 3, 'mean_rate': 0.016}
S04 {'schema': 'pow(v, math.gcd(abs(0), abs({H})))', 'compositions': 61, 'admissible_families': 24, 'sampled': 1014, 'compositions_rate>=0.25': 0, 'mean_rate': 0.013}
S29 {'schema': '(first % (acc + {H}))', 'compositions': 63, 'admissible_families': 26, 'sampled': 1110, 'compositions_rate>=0.25': 0, 'mean_rate': 0.006}
S09 {'schema': '(v // (last * {H}))', 'compositions': 63, 'admissible_families': 0, 'sampled': 990, 'compositions_rate>=0.25': 0, 'mean_rate': 0.0}
S11 {'schema': 'pow(v, (acc * {H}))', 'compositions': 61, 'admissible_families': 0, 'sampled': 1872, 'compositions_rate>=0.25': 0, 'mean_rate': 0.0}
G1 best compositions: [('((acc + {H}) + v)', 1.0), ('math.gcd(abs((acc + {H})), abs(0))', 0.93), ('(first + (acc + {H}))', 0.92), ('(v + (acc + {H}))', 0.88), ('((acc + {H}) + first)', 0.85), ('((acc + {H}) + 0)', 0.83), ('((acc + {H}) * first)', 0.83), ('(0 - (acc + {H}))', 0.83), ('(last + (acc + {H}))', 0.79), ('((acc + {H}) // 1)', 0.79), ('((acc + {H}) * 1)', 0.79), ('(1 * (acc + {H}))', 0.79)]

real	9m16.886s
user	0m0.000s
sys	0m0.030s
