LAUNCH Fri 09/25/2026  1:18:16.12 
{
 "classification": "CLEAN_NULL",
 "n_per_g": 64,
 "child_fertility": {
  "1.0": "166/221",
  "0.0": "219/273"
 },
 "fertility_rate": {
  "1.0": 0.7511,
  "0.0": 0.8022
 },
 "wins": {
  "1.0": 10,
  "0.0": 15
 },
 "runaways": {
  "1.0": 5,
  "0.0": 9
 },
 "fertility_exact_copies": {
  "1.0": "78/94",
  "0.0": "134/169"
 },
 "fertility_inexact_copies": {
  "1.0": "88/127",
  "0.0": "85/104"
 },
 "fisher_p_wins": 0.18639293156035375,
 "runaway_fisher_p": 0.1982223220248778,
 "max_depth": {
  "1.0": 775,
  "0.0": 532
 },
 "n_results": 128
}
EXIT 0 Fri 09/25/2026  2:10:08.49 
