{
 "task_id": "tsk-7b9d10d791b4",
 "created": true,
 "state": "submitted"
}
{
 "task_id": "tsk-000010e7f20a",
 "created": true,
 "state": "submitted"
}
{
 "task_id": "tsk-5c23b49ca1ce",
 "created": true,
 "state": "submitted"
}
{
 "task_id": "tsk-c69cad200f20",
 "created": true,
 "state": "submitted"
}
{
 "task_id": "tsk-283996fb7f74",
 "created": true,
 "state": "submitted"
}
{
 "task_id": "tsk-4053366c9e37",
 "created": true,
 "state": "submitted"
}
{
 "task_id": "tsk-3fae21ece251",
 "created": true,
 "state": "submitted"
}
{
 "task_id": "tsk-6e6b26c3c190",
 "created": true,
 "state": "submitted"
}
{
 "task_id": "tsk-0f83a0d3e56b",
 "created": true,
 "state": "submitted"
}
{
 "task_id": "tsk-e2e1f3ae6cbf",
 "created": true,
 "state": "submitted"
}
