[flight 13:37:28] RESUME from ledger .ledger/aether-units-20260927T173607Z.json (never creates)
[flight 13:37:28] credential source: host default key file
[flight 13:37:29] bundle 1ee24a08344c reachable at the pinned commit 9862cfa9e8ef
[flight 13:37:29] RESUME aether-units-20260927T173607Z pod=fw8ewpxt1xeb7h after 48 s without a controller
[flight 13:37:52] pod clock offset +0.106 s (+/- 0.093 s)
[flight 13:45:17] module reported end (status=)
[flight 13:45:20] pod clock offset +0.102 s (+/- 0.088 s)
[flight 13:45:20] artifact dir listing retrieved (849 bytes)
[flight 13:45:20] artifacts NOT retrieved: state.bin
[flight 13:45:21] receipt written to C:\Prometheus-worktrees\aether-block\Aether\runpod\receipts\aether-units-20260927T173607Z.json

RECEIPT  aether-units-20260927T173607Z
  module        gpu-load@1   result OK
  bundle        ff8f985f892bffc88d6a8ce10877b75e4bff4f3ed0d1adca030c3db9e04b07f1
  window        2026-09-27T17:36:07Z -> 2026-09-27T17:45:20Z
  cost          $0.0415 estimated over 553.1 s (NOT reconciled with provider billing)
  cleanup       terminate_ack=True observed_absent=True operational=True billing_reconciled=False
  telemetry     23 records, units=10000, complete=True
  artifacts     2 retrieved
  MISSING       state.bin
  note          the module directory now builds 1ee24a08344c; the pod ran ff8f985f892b (from the ledger), which is what this receipt reports
  lifecycle   {"pod_clock": {"fetch_s": 0.118, "verify_s": 0.002, "unpack_s": 0.007, "bootstrap_total_s": 0.341, "execution_s": 539.15}, "controller_clock": {"create_call_s": 1.233, "accepted_to_first_telemetry_s": 22.502, "accepted_to_first_contact_s": 18.252, "artifact_transfer_s": 1.979, "terminate_ack_s": 0.672, "absence_confirm_s": 1.138, "teardown_total_s": 4.273, "total_wall_s": 554.239}, "cross_clock": {"provision_s": 1.401, "note": "controller instant subtracted from a pod instant; the two clocks are not synchronised and the offset is not measured here"}, "synchronised": {"offset_s": 0.1061, "uncertainty_s": 0.0935, "method": "min-RTT midpoint against the pod's /_clock", "provision_s": 1.295, "accepted_to_module_start_s": 1.636}, "module_reported_elapsed_s": 539.072}
  transfer    {"bytes": 3645, "seconds": 0.3902, "bytes_per_s": 9341.4, "largest": {"path": "telemetry.jsonl", "bytes": 3621, "sha256": "47d3ebe4b9349449c12e99ff156361499b61ac1a547022b75503f4a29fe41e39", "fetch_s": 0.1803, "attempts": 1, "integrity": "verified"}, "largest_bytes_per_s": 20083.2}
  platform    {"samples": 19, "span_s": 540.002, "gpu_names": ["NVIDIA RTX A5000"], "gpu_mem_used_mib_peak": 1.0, "gpu_mem_total_mib": 24564.0, "gpu_util_pct_mean": 0.0, "gpu_util_pct_peak": 0.0, "gpu_temp_c_peak": 30.0, "gpu_power_w_peak": 41.85, "gpu_power_w_mean": 23.5479, "host_load1_peak": 21.79052734375, "host_mem_used_b_peak": 58493059072.0, "disk_free_b_min": 21457690624.0, "artifact_dir_b_peak": 237556.0, "sample_cost_s_mean": 0.0469, "sample_cost_s_peak": 0.1277, "gpu_errors": []}
  disposition {"cause": "OK", "controller_believes": {"result": "OK", "pod_id": "fw8ewpxt1xeb7h", "terminate_acknowledged": true}, "provider_believes": {"list_contains_pod": false, "get_returns_pod": false, "terminate_response": "ACK_204", "reads": 1}, "evidence_retained": {"telemetry_records": 23, "telemetry_complete": true, "platform_samples": 19, "artifacts_verified": ["result.json", "telemetry.jsonl"], "artifacts_unverified": [], "artifacts_corrupt": [], "artifacts_missing": ["state.bin"], "ledger": true}, "resumable": false, "cleanup_safe": true, "pod_state": "ABSENT: LIST omits it and GET returns nothing", "resumed": {"ledger_last_event": "watch", "controller_absent_s": 47.568, "resumed_utc": "2026-09-27T17:37:29Z"}}
  api         {"fetch": {"calls": 123, "failures": 3, "latency_s": {"n": 123, "p50": 0.2286, "p95": 0.3159, "p99": 0.321, "max": 0.3372}, "first_half_p50_s": 0.2232, "second_half_p50_s": 0.2354, "first_half_failures": 0, "second_half_failures": 3}, "get_pod": {"calls": 6, "failures": 0, "latency_s": {"n": 6, "p50": 0.3384, "p95": 0.3462, "p99": 0.3462, "max": 0.3462}}, "list_pods": {"calls": 1, "failures": 0, "latency_s": {"n": 1, "p50": 0.268, "p95": 0.268, "p99": 0.268, "max": 0.268}}, "terminate_pod": {"calls": 1, "failures": 0, "latency_s": {"n": 1, "p50": 0.6715, "p95": 0.6715, "p99": 0.6715, "max": 0.6715}}}
[flight 13:45:21] FLIGHT_PASS
