[flight 03:12:17] REAL LAUNCH gpu-load@1, budget ceiling $0.15
[flight 03:12:17] credential: {"available": true, "length": 50, "prefix": "rpa_", "source": "host default key file"}
[flight 03:12:17] campaign plan PROCEED: calibrated $0.0145, preregistered $0.0152
[flight 03:12:17] credential source: host default key file
[flight 03:12:17] bundle 1ee24a08344c reachable at the pinned commit c065bf1d6bb0
[flight 03:12:18] create attempt on NVIDIA RTX A4000 (1 of 1)
[flight 03:12:19] create attempt 1 failed status=400; reconciling inventory
[flight 03:12:19] reconcile: inventory empty, so that failure created nothing
[flight 03:12:19] create NO_CAPACITY -> None pod=None gpu=None
[flight 03:12:19] receipt written to C:\Prometheus-worktrees\aether-iter2\Aether\runpod\receipts\gpu-load-20260926T071218Z.json

RECEIPT  gpu-load-20260926T071218Z
  module        gpu-load@1   result NOT_RUN
  bundle        1ee24a08344cc5053b7dc40d79c4159253dda8c4c551c5101f214b98cd512aab
  window        2026-09-26T07:12:18Z -> 2026-09-26T07:12:19Z
  calibration   predicted $0.0145, ran $0.0000 (-99.9%)
  cost          $0.0000 estimated over 0.5 s (NOT reconciled with provider billing)
  cleanup       terminate_ack=True observed_absent=True operational=True billing_reconciled=False
  telemetry     0 records, units=None, complete=False
  MISSING       result.json
  MISSING       state.bin
  MISSING       telemetry.jsonl
  note          no capacity for any declared GPU (NVIDIA RTX A4000); provider confirms nothing exists. Declare more gpu.alternatives or try again later.
  lifecycle   {"pod_clock": {}, "controller_clock": {"create_call_s": 0.525}, "cross_clock": {}}
  transfer    null
  platform    null
[flight 03:12:19] FLIGHT_FAIL
