[flight 02:52:20] REAL LAUNCH gpu-load-scout@1, budget ceiling $0.15
[flight 02:52:20] credential: {"available": true, "length": 50, "prefix": "rpa_", "source": "host default key file"}
[flight 02:52:20] credential source: host default key file
[flight 02:52:20] bundle 1ee24a08344c reachable at the pinned commit 3b22826cf4cd
[flight 02:52:21] create attempt on NVIDIA RTX A4000 (1 of 5)
[flight 02:52:22] create attempt 1 -> accepted pod=yt8hd7xl8nohs2
[flight 02:52:22] create CREATED -> confirmed pod=yt8hd7xl8nohs2 gpu=NVIDIA RTX A4000
[flight 02:52:23] artifact server not answering yet (status=404)
[flight 02:52:51] pod clock offset +0.368 s (+/- 0.230 s)
[flight 02:53:12] module reported end (status=ok)
[flight 02:53:19] pod clock offset +0.331 s (+/- 0.188 s)
[flight 02:53:20] receipt written to C:\Prometheus-worktrees\aether-iter2\Aether\runpod\receipts\gpu-load-scout-20260926T065221Z.json

RECEIPT  gpu-load-scout-20260926T065221Z
  module        gpu-load-scout@1   result OK
  bundle        1ee24a08344cc5053b7dc40d79c4159253dda8c4c551c5101f214b98cd512aab
  window        2026-09-26T06:52:21Z -> 2026-09-26T06:53:19Z
  cost          $0.0027 estimated over 57.7 s (NOT reconciled with provider billing)
  cleanup       terminate_ack=True observed_absent=True operational=True billing_reconciled=False
  telemetry     3 records, units=300, complete=True
  artifacts     3 retrieved
  lifecycle   {"pod_clock": {"fetch_s": 0.404, "verify_s": 0.006, "unpack_s": 0.006, "dependency_install_s": 7.555, "canary_s": 1.243, "bootstrap_total_s": 9.23, "execution_s": 29.18}, "controller_clock": {"create_call_s": 1.208, "accepted_to_first_telemetry_s": 25.734, "artifact_transfer_s": 4.288, "terminate_ack_s": 0.801, "absence_confirm_s": 1.011, "teardown_total_s": 7.762, "total_wall_s": 58.723}, "cross_clock": {"provision_s": 2.506, "note": "controller instant subtracted from a pod instant; the two clocks are not synchronised and the offset is not measured here"}, "synchronised": {"offset_s": 0.3681, "uncertainty_s": 0.2296, "method": "min-RTT midpoint against the pod's /_clock", "provision_s": 2.138, "accepted_to_module_start_s": 11.368}, "module_reported_elapsed_s": 28.91}
  transfer    {"bytes": 8389791, "seconds": 2.6214, "bytes_per_s": 3200500.1, "largest": {"path": "state.bin", "bytes": 8388608, "sha256": "a34cb5667ce925d3797dc8cbd7e69be3b8071c2a9350c5862334a18cda94e27c", "fetch_s": 1.7091}, "largest_bytes_per_s": 4908202.0}
  platform    {"samples": 17, "span_s": 48.002, "gpu_names": ["NVIDIA RTX A4000"], "gpu_mem_used_mib_peak": 7605.0, "gpu_mem_total_mib": 16376.0, "gpu_util_pct_mean": 52.7059, "gpu_util_pct_peak": 100.0, "gpu_temp_c_peak": 59.0, "gpu_power_w_peak": 139.91, "gpu_power_w_mean": 85.5241, "host_load1_peak": 15.40576171875, "host_mem_used_b_peak": 133474766848.0, "disk_free_b_min": 21168472064.0, "artifact_dir_b_peak": 8397639.0, "sample_cost_s_mean": 0.057, "sample_cost_s_peak": 0.0798, "gpu_errors": []}
[flight 02:53:20] FLIGHT_PASS
