[flight 10:54:13] REAL LAUNCH soak@1, budget ceiling $0.05
[flight 10:54:13] credential: {"available": true, "length": 50, "prefix": "rpa_", "source": "host default key file"}
[flight 10:54:13] credential source: host default key file
[flight 10:54:13] bundle a223481c0285 reachable at the pinned commit b27834319c89
[flight 10:54:14] create attempt on NVIDIA RTX A4000 (1 of 5)
[flight 10:54:14] create attempt 1 failed status=400; reconciling inventory
[flight 10:54:20] reconcile: two reads 5 s apart show none of ours, so that failure created nothing we can see
[flight 10:54:20] create attempt on NVIDIA RTX A5000 (2 of 5)
[flight 10:54:20] create attempt 1 failed status=400; reconciling inventory
[flight 10:54:25] reconcile: two reads 5 s apart show none of ours, so that failure created nothing we can see
[flight 10:54:25] create attempt on NVIDIA L4 (3 of 5)
[flight 10:54:26] create attempt 1 failed status=400; reconciling inventory
[flight 10:54:31] reconcile: two reads 5 s apart show none of ours, so that failure created nothing we can see
[flight 10:54:31] create attempt on NVIDIA GeForce RTX 4090 (4 of 5)
[flight 10:54:31] create attempt 1 failed status=400; reconciling inventory
[flight 10:54:37] reconcile: two reads 5 s apart show none of ours, so that failure created nothing we can see
[flight 10:54:37] create attempt on NVIDIA A40 (5 of 5)
[flight 10:54:37] create attempt 1 failed status=400; reconciling inventory
[flight 10:54:43] reconcile: two reads 5 s apart show none of ours, so that failure created nothing we can see
[flight 10:54:43] create NO_CAPACITY -> None pod=None gpu=None
[flight 10:54:43] receipt written to C:\Prometheus-worktrees\aether-iter3\Aether\runpod\receipts\soak-20260926T145414Z.json

RECEIPT  soak-20260926T145414Z
  module        soak@1   result NOT_RUN
  bundle        a223481c0285d5f21831a1218de7644926d5ae5fc19a1d23c7e55e187493be8f
  window        2026-09-26T14:54:14Z -> 2026-09-26T14:54:43Z
  cost          $0.0000 estimated over 0.0 s (NOT reconciled with provider billing)
  cleanup       terminate_ack=True observed_absent=True operational=True billing_reconciled=False
  telemetry     0 records, units=None, complete=False
  note          no capacity for any declared GPU (NVIDIA RTX A4000, NVIDIA RTX A5000, NVIDIA L4, NVIDIA GeForce RTX 4090, NVIDIA A40); provider confirms nothing exists. Declare more gpu.alternatives or try again later.
  note          absence of a created pod rests on two LIST reads that showed none named soak-20260926T145414Z; a pod omitted from every LIST cannot be excluded without its id
  lifecycle   {"pod_clock": {}, "controller_clock": {"create_call_s": 28.469}, "cross_clock": {}}
  transfer    null
  platform    null
  disposition {"cause": "NO_CAPACITY", "controller_believes": {"result": "NOT_RUN", "pod_id": null, "terminate_acknowledged": false}, "provider_believes": {}, "evidence_retained": {"telemetry_records": 0, "telemetry_complete": false, "platform_samples": 0, "artifacts_verified": [], "artifacts_unverified": [], "artifacts_corrupt": [], "artifacts_missing": [], "ledger": true}, "resumable": false, "cleanup_safe": true, "pod_state": "never created (provider confirmed by LIST)", "resumed": null}
  api         {"create_pod": {"calls": 5, "failures": 5, "latency_s": {"n": 5, "p50": 0.2656, "p95": 0.3044, "p99": 0.3044, "max": 0.3044}}, "list_pods": {"calls": 12, "failures": 0, "latency_s": {"n": 12, "p50": 0.2108, "p95": 0.2315, "p99": 0.2399, "max": 0.2399}, "first_half_p50_s": 0.2002, "second_half_p50_s": 0.1948, "first_half_failures": 0, "second_half_failures": 0}}
[flight 10:54:43] FLIGHT_FAIL
