[flight 10:33:19] REAL LAUNCH soak@1, budget ceiling $0.05
[flight 10:33:19] credential: {"available": true, "length": 50, "prefix": "rpa_", "source": "host default key file"}
[flight 10:33:19] credential source: host default key file
[flight 10:33:19] bundle eaba0efd60e2 reachable at the pinned commit f369c6855ef6
[flight 10:33:20] create attempt on NVIDIA RTX A4000 (1 of 5)
[flight 10:33:21] create attempt 1 -> accepted pod=5yb6f45wepp5t3
[flight 10:33:21] create CREATED -> confirmed pod=5yb6f45wepp5t3 gpu=NVIDIA RTX A4000
[flight 10:33:22] artifact server not answering yet (status=404)
[flight 10:34:02] pod clock unavailable; provisioning stays cross-clock
[flight 10:34:02] stage boot
[flight 10:34:02] stage fetched
[flight 10:34:02] stage verified
[flight 10:34:02] stage unpacked
[flight 10:34:07] pod clock offset +0.181 s (+/- 0.170 s)
[flight 10:35:14] module EXITED rc=3 without an end record
[flight 10:35:21] pod clock offset +0.166 s (+/- 0.156 s)
[flight 10:35:22] artifact dir listing retrieved (393 bytes)
[flight 10:35:22] artifacts NOT retrieved: result.json, ckpt.bin
[flight 10:35:23] receipt written to C:\Prometheus-worktrees\aether-iter3\Aether\runpod\receipts\soak-20260926T143320Z.json

RECEIPT  soak-20260926T143320Z
  module        soak@1   result FAILED
  bundle        eaba0efd60e22b6bccfb3dfbbabcec6d32424f7cf6eb3507d3059ded89d8368d
  window        2026-09-26T14:33:20Z -> 2026-09-26T14:35:22Z
  cost          $0.0057 estimated over 121.7 s (NOT reconciled with provider billing)
  cleanup       terminate_ack=True observed_absent=True operational=True billing_reconciled=False
  telemetry     8 records, units=60, complete=False
  artifacts     2 retrieved
  MISSING       result.json
  MISSING       ckpt.bin
  lifecycle   {"pod_clock": {"fetch_s": 4.504, "verify_s": 0.01, "unpack_s": 0.037, "dependency_install_s": 14.725, "canary_s": 1.455, "bootstrap_total_s": 20.746, "execution_s": 61.187}, "controller_clock": {"create_call_s": 1.045, "accepted_to_first_telemetry_s": 44.98, "accepted_to_first_contact_s": 40.469, "artifact_transfer_s": 5.373, "terminate_ack_s": 0.762, "absence_confirm_s": 1.203, "teardown_total_s": 8.727, "total_wall_s": 122.879}, "cross_clock": {"provision_s": 22.24, "note": "controller instant subtracted from a pod instant; the two clocks are not synchronised and the offset is not measured here"}, "synchronised": {"offset_s": 0.1811, "uncertainty_s": 0.1699, "method": "min-RTT midpoint against the pod's /_clock", "provision_s": 22.059, "accepted_to_module_start_s": 42.805}, "module_reported_elapsed_s": 60.986}
  transfer    {"bytes": 4756, "seconds": 0.8281, "bytes_per_s": 5743.3, "largest": {"path": "telemetry.jsonl", "bytes": 2916, "sha256": "e21f6ae9b1b24d6af49c7bd0e408ad1990a0f0e1d38a62938d3b0256d1816efb", "fetch_s": 0.3071, "attempts": 1, "integrity": "verified"}, "largest_bytes_per_s": 9495.3}
  platform    {"samples": 10, "span_s": 90.001, "gpu_names": ["NVIDIA RTX A4000"], "gpu_mem_used_mib_peak": 501.0, "gpu_mem_total_mib": 16376.0, "gpu_util_pct_mean": 60.0, "gpu_util_pct_peak": 100.0, "gpu_temp_c_peak": 74.0, "gpu_power_w_peak": 139.97, "gpu_power_w_mean": 89.871, "host_load1_peak": 21.76513671875, "host_mem_used_b_peak": 47515926528.0, "disk_free_b_min": 21176864768.0, "artifact_dir_b_peak": 9387.0, "sample_cost_s_mean": 0.0445, "sample_cost_s_peak": 0.0546, "gpu_errors": []}
  disposition {"cause": "MODULE_EXITED_WITHOUT_END", "controller_believes": {"result": "FAILED", "pod_id": "5yb6f45wepp5t3", "terminate_acknowledged": true}, "provider_believes": {"list_contains_pod": false, "get_returns_pod": false, "terminate_response": "ACK_204", "reads": 1}, "evidence_retained": {"telemetry_records": 8, "telemetry_complete": false, "platform_samples": 10, "artifacts_verified": ["series.jsonl", "telemetry.jsonl"], "artifacts_unverified": [], "artifacts_corrupt": [], "artifacts_missing": ["result.json", "ckpt.bin"], "ledger": true}, "resumable": false, "cleanup_safe": true, "pod_state": "ABSENT: LIST omits it and GET returns nothing", "resumed": null}
  api         {"create_pod": {"calls": 1, "failures": 0, "latency_s": {"n": 1, "p50": 1.0448, "p95": 1.0448, "p99": 1.0448, "max": 1.0448}}, "fetch": {"calls": 66, "failures": 36, "latency_s": {"n": 66, "p50": 0.3192, "p95": 0.5936, "p99": 0.6789, "max": 1.3549}, "first_half_p50_s": 0.1487, "second_half_p50_s": 0.332, "first_half_failures": 30, "second_half_failures": 6}, "get_pod": {"calls": 12, "failures": 0, "latency_s": {"n": 12, "p50": 0.4543, "p95": 0.5244, "p99": 0.5264, "max": 0.5264}, "first_half_p50_s": 0.4543, "second_half_p50_s": 0.4323, "first_half_failures": 0, "second_half_failures": 0}, "list_pods": {"calls": 3, "failures": 0, "latency_s": {"n": 3, "p50": 0.2318, "p95": 0.2652, "p99": 0.2652, "max": 0.2652}}, "terminate_pod": {"calls": 1, "failures": 0, "latency_s": {"n": 1, "p50": 0.7616, "p95": 0.7616, "p99": 0.7616, "max": 0.7616}}}
[flight 10:35:23] FLIGHT_FAIL
