[flight 10:57:27] REAL LAUNCH soak@1, budget ceiling $0.05
[flight 10:57:27] credential: {"available": true, "length": 50, "prefix": "rpa_", "source": "host default key file"}
[flight 10:57:27] credential source: host default key file
[flight 10:57:27] bundle 21330d544d77 reachable at the pinned commit d7d1cfd13ab9
[flight 10:57:29] advertised stock {'NVIDIA A40': None, 'NVIDIA GeForce RTX 4090': None, 'NVIDIA L4': None, 'NVIDIA RTX 4000 Ada Generation': 'Low', 'NVIDIA RTX A4000': None, 'NVIDIA RTX A5000': None} -> trying NVIDIA RTX 4000 Ada Generation first
[flight 10:57:29] create attempt on NVIDIA RTX 4000 Ada Generation (1 of 6)
[flight 10:57:30] create attempt 1 -> accepted pod=ylcz35l8ub8axv
[flight 10:57:30] create CREATED -> confirmed pod=ylcz35l8ub8axv gpu=NVIDIA RTX 4000 Ada Generation
[flight 10:57:31] artifact server not answering yet (status=404)
[flight 10:57:52] pod clock offset +0.168 s (+/- 0.149 s)
[flight 10:57:52] stage boot
[flight 10:57:52] stage fetched
[flight 10:57:52] stage verified
[flight 10:57:52] stage unpacked
[flight 11:01:47] artifact server UNREACHABLE for 131 s while the pod still exists
[flight 11:01:53] pod clock unavailable; provisioning stays cross-clock
[flight 11:01:53] artifact dir listing also unreachable
[flight 11:01:53] artifacts NOT retrieved: result.json, series.jsonl, ckpt.bin, telemetry.jsonl
[flight 11:01:54] receipt written to C:\Prometheus-worktrees\aether-iter3\Aether\runpod\receipts\soak-20260926T145728Z.json

RECEIPT  soak-20260926T145728Z
  module        soak@1   result UNKNOWN
  bundle        21330d544d7767a0dd8bee99bb2f35b4c49f8f984ba1ce503a3e3a5cb92a9281
  window        2026-09-26T14:57:28Z -> 2026-09-26T15:01:53Z
  cost          $0.0206 estimated over 264.7 s (NOT reconciled with provider billing)
  cleanup       terminate_ack=True observed_absent=True operational=True billing_reconciled=False
  telemetry     6 records, units=50, complete=False
  MISSING       result.json
  MISSING       series.jsonl
  MISSING       ckpt.bin
  MISSING       telemetry.jsonl
  lifecycle   {"pod_clock": {}, "controller_clock": {"create_call_s": 1.797, "accepted_to_first_telemetry_s": 60.491, "accepted_to_first_contact_s": 20.991, "artifact_transfer_s": 3.87, "terminate_ack_s": 0.712, "absence_confirm_s": 1.204, "teardown_total_s": 6.545, "total_wall_s": 265.926}, "cross_clock": {}, "synchronised": {"offset_s": 0.1683, "uncertainty_s": 0.1491, "method": "min-RTT midpoint against the pod's /_clock"}, "module_reported_elapsed_s": 50.756}
  transfer    {"bytes": 0, "seconds": 0, "bytes_per_s": null, "largest": null, "largest_bytes_per_s": null}
  platform    {"samples": 0}
  disposition {"cause": "ARTIFACT_SERVER_UNREACHABLE", "controller_believes": {"result": "UNKNOWN", "pod_id": "ylcz35l8ub8axv", "terminate_acknowledged": true}, "provider_believes": {"list_contains_pod": false, "get_returns_pod": false, "terminate_response": "ACK_204", "reads": 1}, "evidence_retained": {"telemetry_records": 6, "telemetry_complete": false, "platform_samples": 0, "artifacts_verified": [], "artifacts_unverified": [], "artifacts_corrupt": [], "artifacts_missing": ["result.json", "series.jsonl", "ckpt.bin", "telemetry.jsonl"], "ledger": true}, "resumable": false, "cleanup_safe": true, "pod_state": "ABSENT: LIST omits it and GET returns nothing", "resumed": null}
  api         {"create_pod": {"calls": 1, "failures": 0, "latency_s": {"n": 1, "p50": 1.3732, "p95": 1.3732, "p99": 1.3732, "max": 1.3732}}, "fetch": {"calls": 94, "failures": 69, "latency_s": {"n": 94, "p50": 0.3285, "p95": 0.5467, "p99": 0.752, "max": 1.0183}, "first_half_p50_s": 0.3399, "second_half_p50_s": 0.2416, "first_half_failures": 22, "second_half_failures": 47}, "get_pod": {"calls": 17, "failures": 0, "latency_s": {"n": 17, "p50": 0.4464, "p95": 0.5756, "p99": 0.8149, "max": 0.8149}, "first_half_p50_s": 0.4458, "second_half_p50_s": 0.4561, "first_half_failures": 0, "second_half_failures": 0}, "list_pods": {"calls": 3, "failures": 0, "latency_s": {"n": 3, "p50": 0.2815, "p95": 0.4908, "p99": 0.4908, "max": 0.4908}}, "terminate_pod": {"calls": 1, "failures": 0, "latency_s": {"n": 1, "p50": 0.7124, "p95": 0.7124, "p99": 0.7124, "max": 0.7124}}}
[flight 11:01:54] FLIGHT_FAIL
