[flight 11:02:54] REAL LAUNCH soak@1, budget ceiling $0.05
[flight 11:02:54] credential: {"available": true, "length": 50, "prefix": "rpa_", "source": "host default key file"}
[flight 11:02:54] credential source: host default key file
[flight 11:02:55] bundle 21330d544d77 reachable at the pinned commit 118930cc37d6
[flight 11:02:56] advertised stock {'NVIDIA A40': None, 'NVIDIA GeForce RTX 4090': None, 'NVIDIA L4': 'Low', 'NVIDIA RTX 4000 Ada Generation': None, 'NVIDIA RTX A4000': None, 'NVIDIA RTX A5000': None} -> trying NVIDIA L4 first
[flight 11:02:56] create attempt on NVIDIA L4 (1 of 6)
[flight 11:02:57] create attempt 1 -> accepted pod=jzx0otw9vypug5
[flight 11:02:57] create CREATED -> confirmed pod=jzx0otw9vypug5 gpu=NVIDIA L4
[flight 11:02:57] artifact server not answering yet (status=404)
[flight 11:03:21] pod clock offset +0.132 s (+/- 0.077 s)
[flight 11:06:21] telemetry unchanged for 127 s and no module exit: HUNG
[flight 11:06:24] pod clock offset +0.134 s (+/- 0.075 s)
[flight 11:06:24] artifact dir listing retrieved (393 bytes)
[flight 11:06:24] artifacts NOT retrieved: result.json, ckpt.bin
[flight 11:06:25] receipt written to C:\Prometheus-worktrees\aether-iter3\Aether\runpod\receipts\soak-20260926T150255Z.json

RECEIPT  soak-20260926T150255Z
  module        soak@1   result ABORTED
  bundle        21330d544d7767a0dd8bee99bb2f35b4c49f8f984ba1ce503a3e3a5cb92a9281
  window        2026-09-26T15:02:55Z -> 2026-09-26T15:06:24Z
  cost          $0.0249 estimated over 208.8 s (NOT reconciled with provider billing)
  cleanup       terminate_ack=True observed_absent=True operational=True billing_reconciled=False
  telemetry     8 records, units=60, complete=False
  artifacts     2 retrieved
  MISSING       result.json
  MISSING       ckpt.bin
  lifecycle   {"pod_clock": {"fetch_s": 0.177, "verify_s": 0.005, "unpack_s": 0.006, "dependency_install_s": 10.071, "canary_s": 1.285, "bootstrap_total_s": 11.559}, "controller_clock": {"create_call_s": 1.252, "accepted_to_first_telemetry_s": 23.587, "accepted_to_first_contact_s": 23.587, "artifact_transfer_s": 2.274, "terminate_ack_s": 0.645, "absence_confirm_s": 1.1, "teardown_total_s": 4.663, "total_wall_s": 209.932}, "cross_clock": {"provision_s": 4.345, "note": "controller instant subtracted from a pod instant; the two clocks are not synchronised and the offset is not measured here"}, "synchronised": {"offset_s": 0.1322, "uncertainty_s": 0.0773, "method": "min-RTT midpoint against the pod's /_clock", "provision_s": 4.213, "accepted_to_module_start_s": 15.771}, "module_reported_elapsed_s": 60.773}
  transfer    {"bytes": 4758, "seconds": 0.3747, "bytes_per_s": 12698.2, "largest": {"path": "telemetry.jsonl", "bytes": 2914, "sha256": "deb472e211fdfa1da00dc563b582b29e51668a7292147803257de6075e8cfa7c", "fetch_s": 0.1809, "attempts": 1, "integrity": "verified"}, "largest_bytes_per_s": 16108.3}
  platform    {"samples": 20, "span_s": 190.002, "gpu_names": ["NVIDIA L4"], "gpu_mem_used_mib_peak": 527.0, "gpu_mem_total_mib": 23034.0, "gpu_util_pct_mean": 30.0, "gpu_util_pct_peak": 100.0, "gpu_temp_c_peak": 48.0, "gpu_power_w_peak": 72.19, "gpu_power_w_mean": 43.091, "host_load1_peak": 24.48193359375, "host_mem_used_b_peak": 65439264768.0, "disk_free_b_min": 21069168640.0, "artifact_dir_b_peak": 13764.0, "sample_cost_s_mean": 0.0364, "sample_cost_s_peak": 0.0716, "gpu_errors": []}
  disposition {"cause": "TELEMETRY_STALLED", "controller_believes": {"result": "ABORTED", "pod_id": "jzx0otw9vypug5", "terminate_acknowledged": true}, "provider_believes": {"list_contains_pod": false, "get_returns_pod": false, "terminate_response": "ACK_204", "reads": 1}, "evidence_retained": {"telemetry_records": 8, "telemetry_complete": false, "platform_samples": 20, "artifacts_verified": ["series.jsonl", "telemetry.jsonl"], "artifacts_unverified": [], "artifacts_corrupt": [], "artifacts_missing": ["result.json", "ckpt.bin"], "ledger": true}, "resumable": false, "cleanup_safe": true, "pod_state": "ABSENT: LIST omits it and GET returns nothing", "resumed": null}
  api         {"create_pod": {"calls": 1, "failures": 0, "latency_s": {"n": 1, "p50": 0.8146, "p95": 0.8146, "p99": 0.8146, "max": 0.8146}}, "fetch": {"calls": 76, "failures": 22, "latency_s": {"n": 76, "p50": 0.2005, "p95": 0.3177, "p99": 0.3432, "max": 0.3969}, "first_half_p50_s": 0.202, "second_half_p50_s": 0.1938, "first_half_failures": 16, "second_half_failures": 6}, "get_pod": {"calls": 8, "failures": 0, "latency_s": {"n": 8, "p50": 0.3098, "p95": 1.3294, "p99": 1.3294, "max": 1.3294}}, "list_pods": {"calls": 3, "failures": 0, "latency_s": {"n": 3, "p50": 0.2372, "p95": 0.2467, "p99": 0.2467, "max": 0.2467}}, "terminate_pod": {"calls": 1, "failures": 0, "latency_s": {"n": 1, "p50": 0.6451, "p95": 0.6451, "p99": 0.6451, "max": 0.6451}}}
[flight 11:06:25] FLIGHT_FAIL
