[flight 12:45:57] credential source: host default key file
[flight 12:45:58] [i4-164557-a] advertised stock {'NVIDIA A40': None, 'NVIDIA GeForce RTX 4090': 'Low', 'NVIDIA L4': 'Low', 'NVIDIA RTX 4000 Ada Generation': None, 'NVIDIA RTX A4000': None, 'NVIDIA RTX A5000': 'Low'} -> trying NVIDIA RTX A5000 first
[flight 12:45:58] [i4-164557-a] create attempt on NVIDIA RTX A5000 (1 of 6)
[flight 12:45:58] [i4-164557-c] advertised stock {'NVIDIA A40': None, 'NVIDIA GeForce RTX 4090': 'Low', 'NVIDIA L4': 'Low', 'NVIDIA RTX 4000 Ada Generation': None, 'NVIDIA RTX A4000': None, 'NVIDIA RTX A5000': 'Low'} -> trying NVIDIA RTX A5000 first
[flight 12:45:58] [i4-164557-c] create attempt on NVIDIA RTX A5000 (1 of 6)
[flight 12:45:58] [i4-164557-b] advertised stock {'NVIDIA A40': None, 'NVIDIA GeForce RTX 4090': 'Low', 'NVIDIA L4': 'Low', 'NVIDIA RTX 4000 Ada Generation': None, 'NVIDIA RTX A4000': None, 'NVIDIA RTX A5000': 'Low'} -> trying NVIDIA RTX A5000 first
[flight 12:45:58] [i4-164557-b] create attempt on NVIDIA RTX A5000 (1 of 6)
[flight 12:45:59] [i4-164557-c] create attempt 1 failed status=500; reconciling inventory
[flight 12:45:59] [i4-164557-b] create attempt 1 failed status=500; reconciling inventory
[flight 12:45:59] [i4-164557-a] create attempt 1 -> accepted pod=r9aobv18by0sis
[flight 12:45:59] [i4-164557-a] create CREATED -> confirmed pod=r9aobv18by0sis gpu=NVIDIA RTX A5000
[flight 12:46:00] [i4-164557-a] artifact server not answering yet (status=404)
[flight 12:46:05] [i4-164557-c] reconcile: two reads 5 s apart show none of ours, so that failure created nothing we can see
[flight 12:46:05] [i4-164557-c] create attempt on NVIDIA L4 (2 of 6)
[flight 12:46:05] [i4-164557-b] reconcile: two reads 5 s apart show none of ours, so that failure created nothing we can see
[flight 12:46:05] [i4-164557-b] create attempt on NVIDIA L4 (2 of 6)
[flight 12:46:05] [i4-164557-b] create attempt 1 failed status=500; reconciling inventory
[flight 12:46:06] [i4-164557-c] create attempt 1 -> accepted pod=c2mn7dix9gtgnc
[flight 12:46:06] [i4-164557-c] create CREATED -> confirmed pod=c2mn7dix9gtgnc gpu=NVIDIA L4
[flight 12:46:06] [i4-164557-c] artifact server not answering yet (status=404)
[flight 12:46:11] [i4-164557-b] reconcile: two reads 5 s apart show none of ours, so that failure created nothing we can see
[flight 12:46:11] [i4-164557-b] create attempt on NVIDIA GeForce RTX 4090 (3 of 6)
[flight 12:46:13] [i4-164557-b] create attempt 1 -> accepted pod=9ljmtmdlx15b6v
[flight 12:46:13] [i4-164557-b] create CREATED -> confirmed pod=9ljmtmdlx15b6v gpu=NVIDIA GeForce RTX 4090
[flight 12:46:13] [i4-164557-b] artifact server not answering yet (status=404)
[flight 12:46:29] [i4-164557-c] pod clock unavailable; provisioning stays cross-clock
[flight 12:46:32] [i4-164557-a] pod clock offset +0.208 s (+/- 0.147 s)
[flight 12:46:38] [i4-164557-b] pod clock offset +0.204 s (+/- 0.143 s)
[flight 12:46:38] [i4-164557-b] stage boot
[flight 12:46:38] [i4-164557-b] stage fetched
[flight 12:46:38] [i4-164557-b] stage verified
[flight 12:46:38] [i4-164557-b] stage unpacked
[flight 12:46:38] [i4-164557-b] stage installed
[flight 12:46:38] [i4-164557-b] stage canary
[flight 12:46:38] [i4-164557-b] stage module_start
[flight 12:46:50] [i4-164557-c] pod clock offset +0.169 s (+/- 0.068 s)
[flight 12:47:32] [i4-164557-c] module EXITED rc=3 without an end record
[flight 12:47:35] [i4-164557-c] pod clock offset +0.166 s (+/- 0.064 s)
[flight 12:47:35] [i4-164557-c] artifact dir listing retrieved (393 bytes)
[flight 12:47:35] [i4-164557-c] artifacts NOT retrieved: result.json, ckpt.bin
[flight 12:50:25] [i4-164557-a] module reported end (status=ok)
[flight 12:50:25] [i4-164557-b] module reported end (status=ok)
[flight 12:50:30] [i4-164557-b] pod clock offset +0.208 s (+/- 0.150 s)
[flight 12:50:30] [i4-164557-a] pod clock offset +0.211 s (+/- 0.148 s)
[flight 12:50:31] campaign receipt written to C:\Prometheus-worktrees\aether-iter3\Aether\runpod\receipts\i4-164557.campaign.json
{
 "schema": "prometheus-gpu/campaign-receipt/1",
 "campaign_id": "i4-164557",
 "fail_fast": false,
 "result": "PARTIAL",
 "shards": [
  {
   "shard": "a",
   "run_id": "i4-164557-a",
   "result": "OK",
   "cause": "OK",
   "pod_ids": [
    "r9aobv18by0sis"
   ],
   "gpu_used": "NVIDIA RTX A5000",
   "usd_estimated": 0.01967,
   "operational_cleanup": true,
   "artifacts_verified": [
    "result.json",
    "series.jsonl",
    "ckpt.bin",
    "telemetry.jsonl"
   ],
   "artifacts_missing": []
  },
  {
   "shard": "b",
   "run_id": "i4-164557-b",
   "result": "OK",
   "cause": "OK",
   "pod_ids": [
    "9ljmtmdlx15b6v"
   ],
   "gpu_used": "NVIDIA GeForce RTX 4090",
   "usd_estimated": 0.02571,
   "operational_cleanup": true,
   "artifacts_verified": [
    "result.json",
    "series.jsonl",
    "ckpt.bin",
    "telemetry.jsonl"
   ],
   "artifacts_missing": []
  },
  {
   "shard": "c",
   "run_id": "i4-164557-c",
   "result": "FAILED",
   "cause": "MODULE_EXITED_WITHOUT_END",
   "pod_ids": [
    "c2mn7dix9gtgnc"
   ],
   "gpu_used": "NVIDIA L4",
   "usd_estimated": 0.01158,
   "operational_cleanup": true,
   "artifacts_verified": [
    "series.jsonl",
    "telemetry.jsonl"
   ],
   "artifacts_missing": [
    "result.json",
    "ckpt.bin"
   ]
  }
 ],
 "distinct_pods": true,
 "operational_cleanup": true,
 "usd_estimated_total": 0.05696,
 "billing_reconciled": false
}
