[flight 11:16:07] REAL LAUNCH ananke-conformance@1, budget ceiling $0.15
[flight 11:16:07] credential: {"available": true, "length": 50, "prefix": "rpa_", "source": "host default key file"}
[flight 11:16:07] credential source: host default key file
[flight 11:16:08] bundle 6a925aafaa32 reachable at the pinned commit 6c98b4dae37c
[flight 11:16:10] advertised stock {'NVIDIA L4': 'Low', 'NVIDIA RTX 4000 Ada Generation': 'Low', 'NVIDIA RTX A4000': None, 'NVIDIA RTX A5000': None} -> trying NVIDIA RTX 4000 Ada Generation first
[flight 11:16:10] create attempt on NVIDIA RTX 4000 Ada Generation (1 of 4)
[flight 11:16:11] create attempt 1 -> accepted pod=3rc8g7x10e5hmj
[flight 11:16:11] create CREATED -> confirmed pod=3rc8g7x10e5hmj gpu=NVIDIA RTX 4000 Ada Generation
[flight 11:16:12] artifact server not answering yet (status=404)
[flight 11:16:22] pod clock unavailable; provisioning stays cross-clock
[flight 11:16:22] stage boot
[flight 11:16:22] stage fetched
[flight 11:16:22] stage verified
[flight 11:16:22] stage unpacked
[flight 11:16:22] stage installed
[flight 11:16:32] pod clock offset +0.149 s (+/- 0.203 s)
[flight 11:17:41] module reported end (status=ok)
[flight 11:17:48] pod clock offset +0.168 s (+/- 0.225 s)
[flight 11:17:49] receipt written to C:\Prometheus-worktrees\aether-iter5\Aether\runpod\receipts\ananke-conformance-20260927T151608Z.json

RECEIPT  ananke-conformance-20260927T151608Z
  module        ananke-conformance@1   result OK
  bundle        6a925aafaa32f2dcfcf20ee7ea8da6fb73eaf2e59f5e676e4b7cef28e06ed107
  window        2026-09-27T15:16:09Z -> 2026-09-27T15:17:48Z
  cost          $0.0077 estimated over 98.7 s (NOT reconciled with provider billing)
  cleanup       terminate_ack=True observed_absent=True operational=True billing_reconciled=False
  telemetry     20 records, units=None, complete=True
  artifacts     4 retrieved
  lifecycle   {"pod_clock": {"fetch_s": 0.5, "verify_s": 0.006, "unpack_s": 0.011, "dependency_install_s": 2.182, "canary_s": 2.309, "bootstrap_total_s": 5.025, "execution_s": 72.911}, "controller_clock": {"create_call_s": 1.701, "accepted_to_first_telemetry_s": 18.939, "accepted_to_first_contact_s": 9.997, "artifact_transfer_s": 4.508, "terminate_ack_s": 0.763, "absence_confirm_s": 1.231, "teardown_total_s": 8.106, "total_wall_s": 99.924}, "cross_clock": {"provision_s": 5.724, "note": "controller instant subtracted from a pod instant; the two clocks are not synchronised and the offset is not measured here"}, "synchronised": {"offset_s": 0.1487, "uncertainty_s": 0.2031, "method": "min-RTT midpoint against the pod's /_clock", "provision_s": 5.576, "accepted_to_module_start_s": 10.6}, "module_reported_elapsed_s": 72.383}
  transfer    {"bytes": 25690, "seconds": 2.2425, "bytes_per_s": 11456.0, "largest": {"path": "pytest_junit.xml", "bytes": 16445, "sha256": "cc0086d93a6952d892eec2bd50289cadd811faf7c7d82e9c16e6ec4eafd236ce", "fetch_s": 0.589, "attempts": 1, "integrity": "verified"}, "largest_bytes_per_s": 27920.2}
  platform    {"samples": 6, "span_s": 75.001, "gpu_names": ["NVIDIA RTX 4000 Ada Generation"], "gpu_mem_used_mib_peak": 408.0, "gpu_mem_total_mib": 20475.0, "gpu_util_pct_mean": 11.5, "gpu_util_pct_peak": 25.0, "gpu_temp_c_peak": 39.0, "gpu_power_w_peak": 40.96, "gpu_power_w_mean": 28.8067, "host_load1_peak": 6.7158203125, "host_mem_used_b_peak": 63099129856.0, "disk_free_b_min": 21453643776.0, "artifact_dir_b_peak": 23467.0, "sample_cost_s_mean": 0.0418, "sample_cost_s_peak": 0.0491, "gpu_errors": []}
  disposition {"cause": "OK", "controller_believes": {"result": "OK", "pod_id": "3rc8g7x10e5hmj", "terminate_acknowledged": true}, "provider_believes": {"list_contains_pod": false, "get_returns_pod": false, "terminate_response": "ACK_204", "reads": 1}, "evidence_retained": {"telemetry_records": 20, "telemetry_complete": true, "platform_samples": 6, "artifacts_verified": ["result.json", "pytest_junit.xml", "pytest.log", "telemetry.jsonl"], "artifacts_unverified": [], "artifacts_corrupt": [], "artifacts_missing": [], "ledger": true}, "resumable": false, "cleanup_safe": true, "pod_state": "ABSENT: LIST omits it and GET returns nothing", "resumed": null}
  api         {"create_pod": {"calls": 1, "failures": 0, "latency_s": {"n": 1, "p50": 1.1637, "p95": 1.1637, "p99": 1.1637, "max": 1.1637}}, "fetch": {"calls": 47, "failures": 12, "latency_s": {"n": 47, "p50": 0.4679, "p95": 0.7098, "p99": 0.7465, "max": 0.7465}, "first_half_p50_s": 0.4179, "second_half_p50_s": 0.5551, "first_half_failures": 12, "second_half_failures": 0}, "get_pod": {"calls": 5, "failures": 0, "latency_s": {"n": 5, "p50": 0.4704, "p95": 0.82, "p99": 0.82, "max": 0.82}}, "list_pods": {"calls": 3, "failures": 0, "latency_s": {"n": 3, "p50": 0.2488, "p95": 0.3356, "p99": 0.3356, "max": 0.3356}}, "terminate_pod": {"calls": 1, "failures": 0, "latency_s": {"n": 1, "p50": 0.7626, "p95": 0.7626, "p99": 0.7626, "max": 0.7626}}}
[flight 11:17:49] FLIGHT_PASS
