census v2: 265 files, 370.9 GB, EXACT row counts + 4000/50000 stratified contiguous windows
  done batch-20260528T223020Z-ea8616.jsonl 1,661,615
  done batch-20260528T193817Z-be8cfa.jsonl 1,729,313
  done batch-20260525T185205Z-0b3b1f.jsonl 2,255,999
  done batch-20260525T222705Z-3e244a.jsonl 3,431,578
  done batch-20260528T155550Z-8407c4.jsonl 1,958,929
  done batch-20260529T183538Z-1d2400.jsonl 3,290,135
  done batch-20260529T075511Z-d93ae7.jsonl 1,888,515
  done batch-20260529T061655Z-00a000.jsonl 4,037,916
  done batch-20260529T081954Z-14210c.jsonl 3,869,390
  done batch-20260528T082941Z-d6fada.jsonl 1,463,431
  done batch-20260529T055219Z-703e4a.jsonl 3,456,620
  done batch-20260525T164631Z-5e3bf6.jsonl 1,879,127
  done batch-20260529T043827Z-48279a.jsonl 3,426,483
  done batch-20260525T182005Z-9a7b82.jsonl 3,164,355
  done batch-20260525T235923Z-c521d7.jsonl 3,239,654
  done batch-20260526T002934Z-ee9808.jsonl 2,201,545
  done batch-20260529T120115Z-090c69.jsonl 3,380,122
  done batch-20260529T030015Z-954211.jsonl 3,409,934
  done batch-20260529T073035Z-c13b23.jsonl 3,833,939
  done batch-20260528T114922Z-2c86dc.jsonl 3,361,110
  done batch-20260529T012158Z-0a758d.jsonl 3,626,211
  done batch-20260525T232906Z-2bd2e6.jsonl 3,502,292
  done batch-20260522T232706Z-e62af7.jsonl 3,551,686
  done batch-20260528T110017Z-56fdfa.jsonl 3,349,985
  done batch-20260528T202729Z-78503a.jsonl 3,543,808
  done batch-20260528T135225Z-6b67cc.jsonl 3,240,875
  done batch-20260528T123834Z-91afe8.jsonl 3,101,596
  done batch-20260528T150632Z-33d7ad.jsonl 3,003,820
  done batch-20260528T184859Z-56176b.jsonl 2,693,969
  done batch-20260528T170951Z-2d09e1.jsonl 1,599,156
  done batch-20260529T041351Z-0c021d.jsonl 3,311,832
  done batch-20260530T060336Z-4396ba.jsonl 3,215,106
  done batch-20260525T212505Z-c400dd.jsonl 2,937,654
  done batch-20260525T202208Z-2fb909.jsonl 3,437,759
  done batch-20260528T132747Z-b07e99.jsonl 2,739,598
  done batch-20260526T023205Z-cee713.jsonl 2,927,379
  done batch-20260529T172152Z-1b5344.jsonl 3,122,091
  done batch-20260529T095826Z-021c3e.jsonl 3,213,845
  done batch-20260529T181103Z-d8fa14.jsonl 3,216,795
  done batch-20260528T162028Z-baff89.jsonl 1,896,277
  done batch-20260528T101109Z-c230ce.jsonl 3,224,292
  done batch-20260528T085439Z-09bd4a.jsonl 2,768,219
  done batch-20260528T074011Z-7b6998.jsonl 3,375,925
  done batch-20260528T234351Z-999d2b.jsonl 3,209,395
  done batch-20260525T195106Z-f96f63.jsonl 3,078,440
  done batch-20260525T225805Z-685b4f.jsonl 3,078,252
  done batch-20260529T151902Z-6f7d10.jsonl 977,278
  done batch-20260526T030305Z-af8585.jsonl 2,169,083
  done batch-20260529T104732Z-d7a63e.jsonl 948,817
  done batch-20260529T003254Z-5774cd.jsonl 3,025,083
  done batch-20260529T021104Z-35542d.jsonl 2,919,263
  done batch-20260528T200256Z-a1115a.jsonl 2,968,515
  done batch-20260526T040504Z-2d3850.jsonl 2,316,815
  done batch-20260529T000823Z-bd9637.jsonl 2,247,082
  done batch-20260526T005954Z-9a54f4.jsonl 2,942,578
  done batch-20260529T111216Z-5fc846.jsonl 2,755,301
  done batch-20260529T160808Z-5249e7.jsonl 2,646,025
  done batch-20260525T205314Z-606375.jsonl 3,043,850
  done batch-20260529T050259Z-73b071.jsonl 2,867,126
  done batch-20260528T064838Z-328be4.jsonl 2,123,783
  done batch-20260528T141709Z-216a60.jsonl 2,277,476
  done batch-20260529T190014Z-a7f347.jsonl 2,620,274
  done batch-20260525T171705Z-43b869.jsonl 2,808,925
  done batch-20260529T125022Z-377bee.jsonl 2,468,550
  done batch-20260528T130307Z-31f143.jsonl 905,434
  done batch-20260526T020105Z-753002.jsonl 2,137,371
  done batch-20260528T112449Z-95aa0c.jsonl 1,986,131
  done batch-20260528T182407Z-386a93.jsonl 1,903,918
  done batch-20260529T070601Z-6b1f41.jsonl 2,197,109
  done batch-20260528T092150Z-7d39f2.jsonl 1,882,542
  done batch-20260529T064130Z-fb0ec1.jsonl 2,224,248
  done batch-20260526T013001Z-78287e.jsonl 1,617,386
  done batch-20260529T131457Z-535c43.jsonl 1,895,835
  done batch-20260525T154406Z-a8ea7d.jsonl 2,444,323
  done batch-20260529T142838Z-4be4ac.jsonl 1,663,768
  done batch-20260525T215605Z-0a6c10.jsonl 2,368,391
  done batch-20260529T163241Z-7d7442.jsonl 1,764,416
  done batch-20260528T231923Z-ce00ee.jsonl 1,744,026
  done batch-20260528T153112Z-b50f6a.jsonl 2,398,885
  done batch-20260526T033405Z-a1f3af.jsonl 2,234,164
  done batch-20260528T121354Z-84ca1f.jsonl 1,555,394
  done batch-20260528T205200Z-948a2a.jsonl 546,397
  done batch-20260526T043605Z-82daaa.jsonl 1,995,518
  done batch-20260529T122550Z-61f798.jsonl 1,513,199
  done batch-20260529T140403Z-88762b.jsonl 546,975
  done batch-20260525T174904Z-1f1327.jsonl 1,654,642
  done batch-20260529T113648Z-6f53b9.jsonl 1,516,901
  done batch-20260528T214111Z-43ad86.jsonl 1,873,047
  done batch-20260528T225451Z-1405bc.jsonl 2,047,949
  done batch-20260528T071330Z-202ce7.jsonl 1,774,889
  done batch-20260524T112318Z-5b165c.jsonl 1,915,490
  done batch-20260528T164508Z-a7cf71.jsonl 2,168,602
  done batch-20260529T034919Z-79402e.jsonl 538,241
  done batch-20260529T174630Z-1a4881.jsonl 526,954
  done batch-20260529T090912Z-1a047b.jsonl 1,253,395
  done batch-20260529T093353Z-11b241.jsonl 513,703
  done batch-20260529T145420Z-a29923.jsonl 1,072,223
  done batch-20260528T080458Z-8bdfb4.jsonl 455,262
  done batch-20260529T052745Z-def1b9.jsonl 445,108
  done batch-20260528T211638Z-c41435.jsonl 731,914
  done batch-20260530T053857Z-dc4b07.jsonl 731,785
  done batch-20260529T133930Z-e63ee2.jsonl 726,489
  done batch-20260525T192305Z-e967ae.jsonl 707,695
  done batch-20260523T224209Z-ad3d6d.jsonl.gz 2,846,243
  done batch-20260522T144606Z-c97bdf.jsonl.gz 4,013,320
  done batch-20260523T083011Z-199fa3.jsonl.gz 5,000,000
  done batch-20260524T021909Z-8c7cd5.jsonl.gz 5,000,000
  done batch-20260522T050716Z-09bb4c.jsonl.gz 5,000,000
  done batch-20260522T232706Z-e62af7.jsonl.gz 3,551,686
  done batch-20260523T151908Z-241de2.jsonl.gz 4,363,584
  done batch-20260528T144149Z-060812.jsonl 554,321
  done batch-20260523T210906Z-486ba1.jsonl.gz 5,000,000
  done batch-20260524T081631Z-ea7dcb.jsonl.gz 5,000,000
  done batch-20260521T234705Z-802096.jsonl.gz 5,000,000
  done batch-20260520T005911Z-9af732.jsonl.gz 3,060,071
  done batch-20260524T054907Z-ca63eb.jsonl.gz 5,000,000
  done batch-20260522T020427Z-58489e.jsonl.gz 5,000,000
  done batch-20260524T070415Z-5f0111.jsonl.gz 5,000,000
  done batch-20260521T223206Z-5d2886.jsonl.gz 5,000,000
  done batch-20260522T040710Z-42aee0.jsonl.gz 5,000,000
  done batch-20260523T095607Z-7888c3.jsonl.gz 5,000,000
  done batch-20260523T010105Z-b0c1f4.jsonl.gz 5,000,000
  done batch-20260519T232857Z-5f9731.jsonl.gz 3,082,440
  done batch-20260519T170818Z-b14a8c.jsonl.gz 6,388,239
  done batch-20260524T034510Z-84a552.jsonl.gz 5,000,000
  done batch-20260522T135709Z-86321d.jsonl.gz 5,000,000
  done batch-20260522T030817Z-21ff03.jsonl.gz 5,000,000
  done batch-20260520T040616Z-da2d3c.jsonl.gz 10,932,661
  done batch-20260522T163006Z-c73dc5.jsonl.gz 5,000,000
  done batch-20260522T113314Z-e6132f.jsonl.gz 5,000,000
  done batch-20260524T045308Z-8aff33.jsonl.gz 5,000,000
  done batch-20260523T020906Z-99b6c9.jsonl.gz 5,000,000
  done batch-20260519T065455Z-a9bcdd.jsonl.gz 6,837,668
  done batch-20260523T055939Z-638f16.jsonl.gz 5,000,000
  done batch-20260523T112406Z-fd7654.jsonl.gz 5,000,000
  done batch-20260522T191505Z-1521ed.jsonl.gz 5,000,000
  done batch-20260524T012115Z-722906.jsonl.gz 5,000,000
  done batch-20260530T095321Z-c2cd2c.jsonl 541,675
  done batch-20260521T211432Z-6e86fa.jsonl.gz 5,000,000
  done batch-20260523T165306Z-bf46ee.jsonl.gz 5,000,000
  done batch-20260522T064219Z-624a7e.jsonl.gz 5,000,000
  done batch-20260522T214707Z-4c21ce.jsonl.gz 2,657,917
  done batch-20260521T101600Z-2700aa.jsonl.gz 5,000,000
  done batch-20260521T111836Z-799153.jsonl.gz 5,000,000
  done batch-20260521T092439Z-ee3b08.jsonl.gz 5,000,000
  done batch-20260522T121514Z-555ac5.jsonl.gz 2,761,266
  done batch-20260522T203906Z-412a65.jsonl.gz 5,000,000
  done batch-20260522T174052Z-1b9147.jsonl.gz 2,684,973
  done batch-20260521T163718Z-3b8e83.jsonl.gz 5,000,000
  done batch-20260521T175611Z-33c8a3.jsonl.gz 2,779,008
  done batch-20260521T121246Z-d0a1bd.jsonl.gz 5,000,000
  done batch-20260524T002108Z-cefd0e.jsonl.gz 5,000,000
  done batch-20260522T010927Z-83ca71.jsonl.gz 5,000,000
  done batch-20260519T215234Z-98e84b.jsonl.gz 4,247,336
  done batch-20260521T131736Z-f35ec2.jsonl.gz 1,811,724
  done batch-20260520T022955Z-30376d.jsonl.gz 4,258,450
  done batch-20260521T145723Z-848bed.jsonl.gz 3,989,042
  done batch-20260523T140806Z-24769e.jsonl.gz 5,000,000
  done batch-20260519T135527Z-a03302.jsonl.gz 3,642,599
  done batch-20260519T153153Z-9e5633.jsonl.gz 2,980,795
  done batch-20260523T044406Z-b7a7a5.jsonl.gz 5,000,000
  done batch-20260525T113410Z-1eed67.jsonl.gz 2,347,269
  done batch-20260522T104609Z-34bfd3.jsonl.gz 5,000,000
  done batch-20260524T124925Z-329d9f.jsonl.gz 2,240,518
  done batch-20260524T182423Z-97ff53.jsonl.gz 1,262,195
  done batch-20260525T130510Z-f317ec.jsonl.gz 2,454,043
  done batch-20260519T083129Z-550e36.jsonl.gz 2,431,837
  done batch-20260519T184545Z-4b1d46.jsonl.gz 2,232,990
  done batch-20260525T062727Z-dadf67.jsonl.gz 1,383,248
  done batch-20260525T133811Z-327c47.jsonl.gz 3,035,422
  done batch-20260525T083213Z-c09377.jsonl.gz 2,692,776
  done batch-20260522T072530Z-44dc49.jsonl.gz 2,065,058
  done batch-20260525T032308Z-767a21.jsonl.gz 2,380,500
  done batch-20260524T165308Z-e88303.jsonl.gz 2,032,635
  done batch-20260528T220543Z-99eb1c.jsonl 124,439
  done batch-20260525T065907Z-e57067.jsonl.gz 1,212,436
  done batch-20260528T191339Z-bda719.jsonl 72,135
  done batch-20260525T100309Z-607b11.jsonl.gz 1,215,179
  done batch-20260523T123108Z-61d37a.jsonl.gz 752,924
  done batch-20260525T003106Z-1ad6b4.jsonl.gz 1,743,222
  done batch-20260524T112318Z-5b165c.jsonl.gz 1,915,490
  done batch-20260526T050705Z-8db8a0.jsonl 32,295
  done batch-20260525T144122Z-ebeebf.jsonl.gz 2,383,377
  done batch-20260529T084428Z-f23811.jsonl 22,189
  done batch-20260524T195509Z-44684c.jsonl.gz 2,249,635
  done batch-20260525T151207Z-f5defc.jsonl.gz 2,604,692
  done batch-20260529T032447Z-872cd0.jsonl 21,103
  done batch-20260528T103541Z-1300bc.jsonl 17,407
  done batch-20260523T175206Z-c686b0.jsonl.gz 89,149
  done batch-20260524T095124Z-35c0a2.jsonl.gz 63,014
  done batch-20260521T082131Z-7b4757.jsonl.gz 70,367
  done batch-20260529T102257Z-fcb6f6.jsonl 6,398
  done batch-20260521T082703Z-9e0f53.jsonl.gz 61,217
  done batch-20260528T064709Z-86fb5a.jsonl 5,881
  done batch-20260528T062201Z-2ae1d6.jsonl 4,952
  done batch-20260528T094635Z-2fd4e0.jsonl 5,450
  done batch-20260529T014631Z-be3a61.jsonl 3,626
  done batch-20260518T173548Z-b9034c.jsonl.gz 57,330
  done batch-20260529T023535Z-31bb2f.jsonl 4,187
  done batch-20260522T090509Z-a51624.jsonl.gz 18,207
  done batch-20260519T201554Z-abf8e5.jsonl.gz 18,319
  done batch-20260529T154336Z-4757a5.jsonl 3,032
  done batch-20260529T165712Z-133c7b.jsonl 2,610
  done batch-20260518T195105Z-43a075.jsonl.gz 415,692
  done batch-20260528T062204Z-881312.jsonl 914
  done batch-20260528T173433Z-66674f.jsonl 433
  done batch-20260528T175920Z-d2c16f.jsonl 435
  done batch-20260529T005726Z-c9b28e.jsonl 1,632
  done batch-20260528T075344Z-44d045.jsonl 373
  done batch-20260528T075526Z-860234.jsonl 252
  done batch-20260528T075526Z-e1d7f2.jsonl 226
  done batch-20260528T075700Z-11777f.jsonl 200
  done batch-20260528T075907Z-0146a6.jsonl 224
  done batch-20260528T075525Z-5d9552.jsonl 45
  done batch-20260528T075659Z-d29552.jsonl 181
  done batch-20260528T075700Z-bff38a.jsonl 138
  done batch-20260524T142008Z-f90774.jsonl.gz 1,932,466
  done batch-20260528T062205Z-8b1759.jsonl 22
  done batch-20260521T081959Z-e9b5d0.jsonl.gz 606
  done batch-20260528T073900Z-519cfa.jsonl 17
  done batch-20260528T073932Z-f5b2ab.jsonl 17
  done batch-20260528T073805Z-a05694.jsonl 18
  done batch-20260520T054239Z-7b179e.jsonl.gz 606
  done batch-20260528T062203Z-40af07.jsonl 12
  done batch-20260528T062204Z-437f34.jsonl 9
  done batch-20260528T080040Z-7044c2.jsonl 5
  done batch-20260528T080040Z-f7f5c7.jsonl 5
  done batch-20260528T075342Z-794958.jsonl 8
  done batch-20260528T075910Z-911ddb.jsonl 10
  done batch-20260528T072648Z-34aa81.jsonl 4
  done batch-20260528T015935Z-ea81e3.jsonl 4
  done batch-20260528T075908Z-5dc078.jsonl 5
  done batch-20260528T072645Z-1f29b3.jsonl 4
  done batch-20260521T193512Z-8e7d0e.jsonl.gz 190,407
  done batch-20260528T015915Z-9cbb26.jsonl 4
  done batch-20260528T015932Z-00d638.jsonl 4
  done batch-20260528T072649Z-40ec3b.jsonl 3
  done batch-20260524T212607Z-911469.jsonl.gz 335,243
  done batch-20260528T072650Z-a728db.jsonl 4
  done batch-20260528T072653Z-6a148f.jsonl 4
  done batch-20260528T072652Z-9a0b24.jsonl 4
  done batch-20260528T072648Z-27260d.jsonl 3
  done batch-20260528T072651Z-aa9395.jsonl 3
  done batch-20260528T072647Z-64761b.jsonl 4
  done batch-20260528T015933Z-7524b4.jsonl 3
  done batch-20260528T072650Z-e3d00a.jsonl 3
  done batch-20260528T072644Z-b253f1.jsonl 4
  done batch-20260528T015934Z-d37c86.jsonl 3
  done batch-20260528T072653Z-ba77b6.jsonl 3
  done batch-20260528T072651Z-36f0aa.jsonl 3
  done batch-20260528T072646Z-e1953d.jsonl 3
  done batch-20260525T045409Z-d817a9.jsonl.gz 3
  done batch-20260528T080039Z-9a8a1e.jsonl 2
  done batch-20260528T072645Z-362d38.jsonl 3
  done batch-20260524T155107Z-fe54ef.jsonl.gz 354,685
  done batch-20260523T071706Z-87c0ac.jsonl.gz 4
  done batch-20260524T225708Z-2f8767.jsonl.gz 4
  done batch-20260521T083241Z-a50ae0.jsonl.gz 2
  done batch-20260528T075909Z-5a05f7.jsonl 2
  done batch-20260525T161508Z-424f38.jsonl 1
  done batch-20260523T030707Z-261ff6.jsonl.gz 309,462
  done batch-20260525T015709Z-ebbe6e.jsonl.gz 2,594,781
  done batch-20260523T192959Z-8f19eb.jsonl.gz 3,422,900
  done batch-20260524T162229Z-e5ff27.jsonl.gz 2,336,217
  done batch-20260520T071308Z-2cd475.jsonl.gz 881,361

gen       rows EXACT  samp%   par%  best action field            card     @FAIL  multi-par
a3        49,569,665   8.02    0.0  payload.invariant_a             6 2,525,342          0
a1        42,101,659   8.02    0.0  payload.invariant_a             6 2,327,560          0
a2        41,736,083   8.01    0.0  payload.ec_invariant            4 3,343,582          0
f4        41,313,245   8.03    0.0  payload.invariant_a             6 2,182,976          0
d3        40,076,374   8.02  100.0  payload.n_branches_evaluated    4 3,214,261      1,307
f3        38,297,377   8.02    0.0  payload.invariant_a             6 2,071,533          0
f2        37,802,486   8.03    0.0  payload.invariant_a             6 1,996,479          0
g5        33,368,691   8.02    0.0  payload.invariant_a             6 2,676,427          0
f1        31,443,849   8.01    0.0  payload.invariant_a             8 2,196,285          0
c1        30,031,376   8.01  100.0  payload.value_a                31 1,610,411      5,767
a4        28,263,197   8.02    0.0  payload.best_degree             3 2,266,482          0
g4        25,968,562   8.04    0.0  payload.invariant_a             6 2,088,097          0
h1        20,742,007   8.05  100.0  payload.hunter_value_a         31 1,516,974     74,095
h2        20,188,271   8.09  100.0  payload.n_methods_evaluated     2 1,633,794         13
h4        19,514,614   8.02  100.0  payload.n_holding               4 1,565,941        127
c3        12,577,024   8.03  100.0  payload.invariant_a             6   452,551      7,916
d2        11,825,535   8.06  100.0  payload.band                    4   953,195          0
d4         9,146,074   8.07    0.0  payload.invariant_a             7   738,319          0
c2         8,823,897   8.04  100.0  payload.truth_flipped           2   572,568      2,729
c5         8,761,805   8.03  100.0  payload.boundary_revealed       2   289,729        238
c4         8,746,181   8.07  100.0  payload.self_consistent         2    77,630         30
g3           400,002  10.47    0.0  None                            -         0          0
d1           137,760  14.78  100.0  payload.value_a                30    20,355      1,455
b2            90,887  33.11    0.0  payload.commutes                2    30,096          0
a5            80,821  16.86    0.0  payload.ec_invariant            4    13,623          0
k1            49,524  37.85    0.0  payload.expected_target_type    6    18,743          0
e1            44,869  22.96    0.0  payload.source_file             5       288          0
g2            39,000  39.14    0.0  payload.rank_known              3    15,265          0
b1            36,180  63.27    0.0  payload.expected_sign_flip      2    22,890          0
e3            32,860  69.82    0.0  payload.growth_class            5     9,664          0
b5            31,560  53.24    0.0  payload.catalog                 2       449          0
b3            15,756   86.3    0.0  payload.operator                6    13,598          0
b4            15,756  85.39    0.0  payload.is_fixed_point          2    13,454          0
n1             9,004  100.0    0.0  payload.verifier_a              4     9,004          0
e2             5,179  100.0    0.0  None                            -         0          0
g1             4,784  98.98    0.0  payload.invariant               4     2,777          0
s1             4,506  100.0    0.0  payload.invariant               7       201          0
e4             3,728  100.0    0.0  payload.category               21     3,728          0
w1             3,172  100.0    0.0  payload.operation               8     3,172          0
t1             2,778  100.0    0.0  payload.claim_id                3         6          0
z1             2,208  100.0    0.0  payload.a_then_b                9     2,200          0
e5             1,733  100.0    0.0  payload.claim_text             17       240          0
p1             1,388  100.0    0.0  payload.chain_id                6     1,388          0
l2             1,128  100.0    0.0  payload.skeleton_id             8     1,128          0
v1             1,092  100.0    0.0  payload.property                7     1,092          0

TOTAL ROWS (exact, union of both populations): 561,314,976
POSITIVE CONTROL - c1 re-found as qualifier: PASS
QUALIFIERS (categorical + on FAILURE + >=1 parent with 2 distinct values): ['d3', 'c1', 'h1', 'h2', 'h4', 'c3', 'c2', 'c5', 'c4', 'd1']
NEAR-MISS  (categorical + on FAILURE, zero multi-action parents in-window): ['a3', 'a1', 'a2', 'f4', 'f3', 'f2', 'g5', 'f1', 'a4', 'g4', 'd2', 'd4', 'b2', 'a5', 'k1', 'e1', 'g2', 'b1', 'e3', 'b5', 'b3', 'b4', 'n1', 'g1', 's1', 'e4', 'w1', 't1', 'z1', 'e5', 'p1', 'l2', 'v1']

KILL RULE (fixed by the plan): c1 alone => 'the corpus is spent' is EARNED.
VERDICT: NOT-EARNED

wrote F:\Prometheus\charon\generator_census_2026-08-25.json
