165 batch files, 135 remaining
  [5/135] batch-20260528T062201Z-2ae1d6.json · rejected=41,643,904 · cells=29 · patterns=93173 · 0.0m
  [10/135] batch-20260528T064709Z-86fb5a.json · rejected=41,643,924 · cells=31 · patterns=93175 · 0.0m
  [15/135] batch-20260528T072645Z-362d38.json · rejected=43,734,711 · cells=31 · patterns=102549 · 0.7m
  [20/135] batch-20260528T072649Z-40ec3b.json · rejected=43,734,711 · cells=31 · patterns=102549 · 0.7m
  [25/135] batch-20260528T072652Z-9a0b24.json · rejected=43,734,711 · cells=31 · patterns=102549 · 0.7m
  [30/135] batch-20260528T073932Z-f5b2ab.json · rejected=43,734,711 · cells=31 · patterns=102549 · 0.8m
  [35/135] batch-20260528T075526Z-860234.json · rejected=46,006,050 · cells=34 · patterns=102553 · 1.3m
  [40/135] batch-20260528T075907Z-0146a6.json · rejected=46,006,430 · cells=38 · patterns=102718 · 1.3m
  [45/135] batch-20260528T080040Z-7044c2.json · rejected=46,006,445 · cells=42 · patterns=102731 · 1.3m
  [50/135] batch-20260528T092150Z-7d39f2.json · rejected=50,505,973 · cells=43 · patterns=107023 · 3.1m
  [55/135] batch-20260528T112449Z-95aa0c.json · rejected=55,175,192 · cells=43 · patterns=107121 · 4.2m
  [60/135] batch-20260528T132747Z-b07e99.json · rejected=60,946,572 · cells=43 · patterns=117308 · 6.3m
  [65/135] batch-20260528T153112Z-b50f6a.json · rejected=65,416,303 · cells=43 · patterns=121369 · 8.0m
  [70/135] batch-20260528T173433Z-66674f.json · rejected=70,004,375 · cells=43 · patterns=124534 · 9.5m
  [75/135] batch-20260528T193817Z-be8cfa.json · rejected=73,562,162 · cells=43 · patterns=124534 · 10.8m
  [80/135] batch-20260528T214111Z-43ad86.json · rejected=76,830,480 · cells=43 · patterns=124553 · 12.5m
  [85/135] batch-20260528T234351Z-999d2b.json · rejected=81,695,358 · cells=43 · patterns=124555 · 14.3m
  [90/135] batch-20260529T014631Z-be3a61.json · rejected=88,170,078 · cells=43 · patterns=131142 · 15.9m
  [95/135] batch-20260529T034919Z-79402e.json · rejected=92,942,369 · cells=43 · patterns=131142 · 17.2m
  [100/135] batch-20260529T055219Z-703e4a.json · rejected=99,949,534 · cells=43 · patterns=131635 · 19.1m
  [105/135] batch-20260529T075511Z-d93ae7.json · rejected=106,481,566 · cells=43 · patterns=131635 · 21.2m
  [110/135] batch-20260529T095826Z-021c3e.json · rejected=109,212,126 · cells=43 · patterns=131635 · 22.5m
  [115/135] batch-20260529T120115Z-090c69.json · rejected=113,759,294 · cells=43 · patterns=131645 · 23.9m
  [120/135] batch-20260529T140403Z-88762b.json · rejected=119,522,560 · cells=43 · patterns=131647 · 25.2m
  [125/135] batch-20260529T160808Z-5249e7.json · rejected=122,724,018 · cells=43 · patterns=131649 · 26.5m
  [130/135] batch-20260529T181103Z-d8fa14.json · rejected=126,848,785 · cells=43 · patterns=131649 · 27.7m
  [135/135] batch-20260530T095321Z-c2cd2c.json · rejected=132,312,039 · cells=43 · patterns=131649 · 29.4m
{
  "scope": "FULL CORPUS \u2014 165 of 165 batch files",
  "rejected_records": 132312039,
  "distinct_kill_patterns": 131649,
  "distinct_cells": 43,
  "kill_patterns_crossing_a_cell": 0,
  "records_under_crossing_patterns": 0,
  "mean_pairwise_jaccard": 0.046,
  "cell_pairs_zero_overlap": "690/903"
}
