LIN:0 {'dup': 0.4514, 'R3u': 0.7975, 'P_reuse': 0.3255, 'n_recurring': 15} {'dup': 0.4514, 'R3u': 0.6329, 'P_reuse': 0.324, 'n_recurring': 10} XG1g {'share': 0.0139, 'COND': 0.0, 'members': 2} XG1nt {'share': 0.1111, 'COND': 0.0414, 'members': 16} cov 0.3542 win30k 0.2361 win250k 0.0278
LIN:1 {'dup': 0.4167, 'R3u': 0.4048, 'P_reuse': 0.068, 'n_recurring': 9} {'dup': 0.4167, 'R3u': 0.1667, 'P_reuse': 0.037, 'n_recurring': 4} XG1g {'share': 0.0903, 'COND': 0.045, 'members': 13} XG1nt {'share': 0.1736, 'COND': 0.034, 'members': 25} cov 0.1944 win30k 0.1319 win250k 0.0347
LIN:2 {'dup': 0.2639, 'R3u': 0.6226, 'P_reuse': 0.203, 'n_recurring': 19} {'dup': 0.2639, 'R3u': 0.4057, 'P_reuse': 0.1805, 'n_recurring': 11} XG1g {'share': 0.0347, 'COND': 0.0, 'members': 5} XG1nt {'share': 0.1458, 'COND': 0.0113, 'members': 21} cov 0.2847 win30k 0.1875 win250k 0.0
LIN:3 {'dup': 0.5139, 'R3u': 0.5143, 'P_reuse': 0.2035, 'n_recurring': 8} {'dup': 0.5139, 'R3u': 0.4143, 'P_reuse': 0.191, 'n_recurring': 6} XG1g {'share': 0.0208, 'COND': 0.0, 'members': 3} XG1nt {'share': 0.0278, 'COND': 0.0, 'members': 4} cov 0.2569 win30k 0.1458 win250k 0.0278
LIN:4 {'dup': 0.4583, 'R3u': 0.4487, 'P_reuse': 0.114, 'n_recurring': 12} {'dup': 0.4583, 'R3u': 0.3077, 'P_reuse': 0.096, 'n_recurring': 8} XG1g {'share': 0.1319, 'COND': 0.0936, 'members': 19} XG1nt {'share': 0.2083, 'COND': 0.0615, 'members': 30} cov 0.2986 win30k 0.1736 win250k 0.0556
LIN:5 {'dup': 0.4722, 'R3u': 0.5789, 'P_reuse': 0.204, 'n_recurring': 14} {'dup': 0.4722, 'R3u': 0.4079, 'P_reuse': 0.21, 'n_recurring': 10} XG1g {'share': 0.0486, 'COND': 0.0, 'members': 7} XG1nt {'share': 0.1042, 'COND': 0.0006, 'members': 15} cov 0.2153 win30k 0.1597 win250k 0.0208
LIN:6 {'dup': 0.4722, 'R3u': 0.4868, 'P_reuse': 0.1595, 'n_recurring': 10} {'dup': 0.4722, 'R3u': 0.4342, 'P_reuse': 0.1605, 'n_recurring': 9} XG1g {'share': 0.0486, 'COND': 0.0112, 'members': 7} XG1nt {'share': 0.1111, 'COND': 0.0118, 'members': 16} cov 0.3819 win30k 0.2639 win250k 0.0208
LIN:7 {'dup': 0.4792, 'R3u': 0.6, 'P_reuse': 0.165, 'n_recurring': 13} {'dup': 0.4792, 'R3u': 0.2533, 'P_reuse': 0.073, 'n_recurring': 5} XG1g {'share': 0.0417, 'COND': 0.0, 'members': 6} XG1nt {'share': 0.1736, 'COND': 0.0467, 'members': 25} cov 0.3819 win30k 0.2639 win250k 0.0417
LIN:8 {'dup': 0.3681, 'R3u': 0.6484, 'P_reuse': 0.076, 'n_recurring': 16} {'dup': 0.3681, 'R3u': 0.3077, 'P_reuse': 0.035, 'n_recurring': 8} XG1g {'share': 0.0208, 'COND': 0.0, 'members': 3} XG1nt {'share': 0.1806, 'COND': 0.0573, 'members': 26} cov 0.4236 win30k 0.2917 win250k 0.0139
LIN:9 {'dup': 0.4653, 'R3u': 0.4935, 'P_reuse': 0.1095, 'n_recurring': 11} {'dup': 0.4653, 'R3u': 0.3506, 'P_reuse': 0.094, 'n_recurring': 7} XG1g {'share': 0.0417, 'COND': 0.0028, 'members': 6} XG1nt {'share': 0.1389, 'COND': 0.043, 'members': 20} cov 0.2292 win30k 0.125 win250k 0.0208
LIN:10 {'dup': 0.625, 'R3u': 0.463, 'P_reuse': 0.202, 'n_recurring': 7} {'dup': 0.625, 'R3u': 0.3519, 'P_reuse': 0.1935, 'n_recurring': 5} XG1g {'share': 0.0486, 'COND': 0.0369, 'members': 7} XG1nt {'share': 0.0972, 'COND': 0.0213, 'members': 14} cov 0.2292 win30k 0.1319 win250k 0.0208
LIN:11 {'dup': 0.3056, 'R3u': 0.54, 'P_reuse': 0.1705, 'n_recurring': 13} {'dup': 0.3056, 'R3u': 0.33, 'P_reuse': 0.059, 'n_recurring': 8} XG1g {'share': 0.1389, 'COND': 0.0606, 'members': 20} XG1nt {'share': 0.1944, 'COND': 0.0436, 'members': 28} cov 0.0556 win30k 0.0347 win250k 0.0208
LIN:12 {'dup': 0.3403, 'R3u': 0.6842, 'P_reuse': 0.336, 'n_recurring': 14} {'dup': 0.3403, 'R3u': 0.5474, 'P_reuse': 0.294, 'n_recurring': 11} XG1g {'share': 0.4028, 'COND': 0.3056, 'members': 58} XG1nt {'share': 0.5556, 'COND': 0.2552, 'members': 80} cov 0.3194 win30k 0.2153 win250k 0.0
LIN:13 {'dup': 0.3264, 'R3u': 0.5773, 'P_reuse': 0.169, 'n_recurring': 14} {'dup': 0.3264, 'R3u': 0.3402, 'P_reuse': 0.135, 'n_recurring': 8} XG1g {'share': 0.125, 'COND': 0.2426, 'members': 18} XG1nt {'share': 0.2361, 'COND': 0.1612, 'members': 34} cov 0.25 win30k 0.1875 win250k 0.0139
LIN:14 {'dup': 0.4583, 'R3u': 0.5513, 'P_reuse': 0.445, 'n_recurring': 8} {'dup': 0.4583, 'R3u': 0.1923, 'P_reuse': 0.059, 'n_recurring': 4} XG1g {'share': 0.0625, 'COND': 0.0446, 'members': 9} XG1nt {'share': 0.4306, 'COND': 0.3642, 'members': 62} cov 0.625 win30k 0.4722 win250k 0.0139
LIN:15 {'dup': 0.3542, 'R3u': 0.5269, 'P_reuse': 0.1195, 'n_recurring': 15} {'dup': 0.3542, 'R3u': 0.4516, 'P_reuse': 0.104, 'n_recurring': 11} XG1g {'share': 0.1319, 'COND': 0.0404, 'members': 19} XG1nt {'share': 0.1528, 'COND': 0.0353, 'members': 22} cov 0.1389 win30k 0.0972 win250k 0.0278
LIN:16 {'dup': 0.3403, 'R3u': 0.7368, 'P_reuse': 0.3695, 'n_recurring': 17} {'dup': 0.3403, 'R3u': 0.4737, 'P_reuse': 0.078, 'n_recurring': 12} XG1g {'share': 0.0764, 'COND': 0.0365, 'members': 11} XG1nt {'share': 0.3472, 'COND': 0.2748, 'members': 50} cov 0.2292 win30k 0.1042 win250k 0.0208
LIN:17 {'dup': 0.4583, 'R3u': 0.7179, 'P_reuse': 0.34, 'n_recurring': 10} {'dup': 0.4583, 'R3u': 0.4744, 'P_reuse': 0.274, 'n_recurring': 6} XG1g {'share': 0.0347, 'COND': 0.0156, 'members': 5} XG1nt {'share': 0.1597, 'COND': 0.1193, 'members': 23} cov 0.4167 win30k 0.3403 win250k 0.0278
LIN:18 {'dup': 0.3958, 'R3u': 0.5517, 'P_reuse': 0.131, 'n_recurring': 11} {'dup': 0.3958, 'R3u': 0.4368, 'P_reuse': 0.0885, 'n_recurring': 8} XG1g {'share': 0.0208, 'COND': 0.0, 'members': 3} XG1nt {'share': 0.1319, 'COND': 0.0062, 'members': 19} cov 0.3125 win30k 0.2292 win250k 0.0069
LIN:19 {'dup': 0.4722, 'R3u': 0.5132, 'P_reuse': 0.0725, 'n_recurring': 12} {'dup': 0.4722, 'R3u': 0.4211, 'P_reuse': 0.077, 'n_recurring': 10} XG1g {'share': 0.1667, 'COND': 0.2716, 'members': 24} XG1nt {'share': 0.2708, 'COND': 0.2353, 'members': 39} cov 0.3819 win30k 0.2708 win250k 0.0278
LIN:20 {'dup': 0.3403, 'R3u': 0.6316, 'P_reuse': 0.394, 'n_recurring': 12} {'dup': 0.3403, 'R3u': 0.5158, 'P_reuse': 0.1915, 'n_recurring': 9} XG1g {'share': 0.0139, 'COND': 0.0, 'members': 2} XG1nt {'share': 0.0278, 'COND': 0.0, 'members': 4} cov 0.2431 win30k 0.1667 win250k 0.0278
LIN:21 {'dup': 0.5625, 'R3u': 0.5079, 'P_reuse': 0.2375, 'n_recurring': 7} {'dup': 0.5625, 'R3u': 0.2063, 'P_reuse': 0.0745, 'n_recurring': 4} XG1g {'share': 0.0208, 'COND': 0.0028, 'members': 3} XG1nt {'share': 0.2569, 'COND': 0.2242, 'members': 37} cov 0.3125 win30k 0.2014 win250k 0.0069
LIN:22 {'dup': 0.5556, 'R3u': 0.3906, 'P_reuse': 0.1645, 'n_recurring': 6} {'dup': 0.5556, 'R3u': 0.3906, 'P_reuse': 0.155, 'n_recurring': 6} XG1g {'share': 0.0347, 'COND': 0.0064, 'members': 5} XG1nt {'share': 0.125, 'COND': 0.0343, 'members': 18} cov 0.5278 win30k 0.3472 win250k 0.0139
LIN:23 {'dup': 0.4028, 'R3u': 0.5698, 'P_reuse': 0.345, 'n_recurring': 11} {'dup': 0.4028, 'R3u': 0.3488, 'P_reuse': 0.0505, 'n_recurring': 8} XG1g {'share': 0.1389, 'COND': 0.0086, 'members': 20} XG1nt {'share': 0.25, 'COND': 0.0351, 'members': 36} cov 0.3611 win30k 0.2014 win250k 0.0139
STAR:0 {'dup': 0.2014, 'R3u': 0.3217, 'P_reuse': 0.0205, 'n_recurring': 10} {'dup': 0.2014, 'R3u': 0.2, 'P_reuse': 0.009, 'n_recurring': 6} XG1g {'share': 0.0556, 'COND': 0.001, 'members': 8} XG1nt {'share': 0.2014, 'COND': 0.0539, 'members': 29} cov 0.3889 win30k 0.2778 win250k 0.0278
STAR:1 {'dup': 0.2569, 'R3u': 0.1963, 'P_reuse': 0.017, 'n_recurring': 6} {'dup': 0.2569, 'R3u': 0.1028, 'P_reuse': 0.013, 'n_recurring': 3} XG1g {'share': 0.1111, 'COND': 0.0677, 'members': 16} XG1nt {'share': 0.1944, 'COND': 0.0426, 'members': 28} cov 0.3472 win30k 0.25 win250k 0.0278
STAR:2 {'dup': 0.1667, 'R3u': 0.3083, 'P_reuse': 0.009, 'n_recurring': 13} {'dup': 0.1667, 'R3u': 0.2083, 'P_reuse': 0.003, 'n_recurring': 8} XG1g {'share': 0.0694, 'COND': 0.004, 'members': 10} XG1nt {'share': 0.1528, 'COND': 0.0201, 'members': 22} cov 0.3611 win30k 0.2569 win250k 0.0208
STAR:3 {'dup': 0.2222, 'R3u': 0.2768, 'P_reuse': 0.042, 'n_recurring': 8} {'dup': 0.2222, 'R3u': 0.2321, 'P_reuse': 0.0305, 'n_recurring': 7} XG1g {'share': 0.0972, 'COND': 0.0108, 'members': 14} XG1nt {'share': 0.1875, 'COND': 0.0181, 'members': 27} cov 0.3403 win30k 0.2431 win250k 0.0139
STAR:4 {'dup': 0.2014, 'R3u': 0.2696, 'P_reuse': 0.0055, 'n_recurring': 9} {'dup': 0.2014, 'R3u': 0.1826, 'P_reuse': 0.0045, 'n_recurring': 6} XG1g {'share': 0.0625, 'COND': 0.0, 'members': 9} XG1nt {'share': 0.1528, 'COND': 0.0043, 'members': 22} cov 0.2847 win30k 0.2083 win250k 0.0278
STAR:5 {'dup': 0.1597, 'R3u': 0.3554, 'P_reuse': 0.01, 'n_recurring': 14} {'dup': 0.1597, 'R3u': 0.1901, 'P_reuse': 0.0115, 'n_recurring': 7} XG1g {'share': 0.125, 'COND': 0.0143, 'members': 18} XG1nt {'share': 0.2014, 'COND': 0.0178, 'members': 29} cov 0.3611 win30k 0.2361 win250k 0.0069
STAR:6 {'dup': 0.1528, 'R3u': 0.3115, 'P_reuse': 0.014, 'n_recurring': 11} {'dup': 0.1528, 'R3u': 0.1721, 'P_reuse': 0.0045, 'n_recurring': 6} XG1g {'share': 0.1389, 'COND': 0.0308, 'members': 20} XG1nt {'share': 0.2708, 'COND': 0.0283, 'members': 39} cov 0.3264 win30k 0.2569 win250k 0.0347
STAR:7 {'dup': 0.2222, 'R3u': 0.3214, 'P_reuse': 0.0135, 'n_recurring': 12} {'dup': 0.2222, 'R3u': 0.1607, 'P_reuse': 0.0065, 'n_recurring': 6} XG1g {'share': 0.0903, 'COND': 0.0315, 'members': 13} XG1nt {'share': 0.2153, 'COND': 0.0264, 'members': 31} cov 0.375 win30k 0.2361 win250k 0.0139
STAR:8 {'dup': 0.2222, 'R3u': 0.2946, 'P_reuse': 0.015, 'n_recurring': 10} {'dup': 0.2222, 'R3u': 0.2143, 'P_reuse': 0.008, 'n_recurring': 7} XG1g {'share': 0.0903, 'COND': 0.0205, 'members': 13} XG1nt {'share': 0.1181, 'COND': 0.0162, 'members': 17} cov 0.3889 win30k 0.2847 win250k 0.0278
STAR:9 {'dup': 0.1806, 'R3u': 0.3475, 'P_reuse': 0.01, 'n_recurring': 12} {'dup': 0.1806, 'R3u': 0.1949, 'P_reuse': 0.008, 'n_recurring': 7} XG1g {'share': 0.0972, 'COND': 0.0184, 'members': 14} XG1nt {'share': 0.1875, 'COND': 0.0315, 'members': 27} cov 0.3542 win30k 0.25 win250k 0.0278
STAR:10 {'dup': 0.2014, 'R3u': 0.3304, 'P_reuse': 0.0215, 'n_recurring': 11} {'dup': 0.2014, 'R3u': 0.2087, 'P_reuse': 0.017, 'n_recurring': 7} XG1g {'share': 0.1319, 'COND': 0.0431, 'members': 19} XG1nt {'share': 0.2153, 'COND': 0.0394, 'members': 31} cov 0.3264 win30k 0.2222 win250k 0.0486
STAR:11 {'dup': 0.1875, 'R3u': 0.2393, 'P_reuse': 0.0155, 'n_recurring': 8} {'dup': 0.1875, 'R3u': 0.1197, 'P_reuse': 0.006, 'n_recurring': 3} XG1g {'share': 0.0903, 'COND': 0.0198, 'members': 13} XG1nt {'share': 0.1806, 'COND': 0.0159, 'members': 26} cov 0.3611 win30k 0.2431 win250k 0.0278
STAR:12 {'dup': 0.2361, 'R3u': 0.2727, 'P_reuse': 0.0095, 'n_recurring': 8} {'dup': 0.2361, 'R3u': 0.1364, 'P_reuse': 0.0035, 'n_recurring': 4} XG1g {'share': 0.0833, 'COND': 0.0334, 'members': 12} XG1nt {'share': 0.2083, 'COND': 0.0414, 'members': 30} cov 0.3264 win30k 0.25 win250k 0.0139
STAR:13 {'dup': 0.2083, 'R3u': 0.2895, 'P_reuse': 0.0085, 'n_recurring': 10} {'dup': 0.2083, 'R3u': 0.1842, 'P_reuse': 0.005, 'n_recurring': 6} XG1g {'share': 0.1181, 'COND': 0.0162, 'members': 17} XG1nt {'share': 0.2014, 'COND': 0.0186, 'members': 29} cov 0.3472 win30k 0.2778 win250k 0.0417
STAR:14 {'dup': 0.2639, 'R3u': 0.217, 'P_reuse': 0.008, 'n_recurring': 7} {'dup': 0.2639, 'R3u': 0.1132, 'P_reuse': 0.0055, 'n_recurring': 4} XG1g {'share': 0.1111, 'COND': 0.004, 'members': 16} XG1nt {'share': 0.2222, 'COND': 0.0125, 'members': 32} cov 0.4028 win30k 0.2639 win250k 0.0278
STAR:15 {'dup': 0.1736, 'R3u': 0.2437, 'P_reuse': 0.01, 'n_recurring': 9} {'dup': 0.1736, 'R3u': 0.1176, 'P_reuse': 0.0055, 'n_recurring': 4} XG1g {'share': 0.0903, 'COND': 0.0117, 'members': 13} XG1nt {'share': 0.1944, 'COND': 0.02, 'members': 28} cov 0.2778 win30k 0.2222 win250k 0.0278
STAR:16 {'dup': 0.1597, 'R3u': 0.2893, 'P_reuse': 0.022, 'n_recurring': 10} {'dup': 0.1597, 'R3u': 0.157, 'P_reuse': 0.0105, 'n_recurring': 5} XG1g {'share': 0.0694, 'COND': 0.0152, 'members': 10} XG1nt {'share': 0.1667, 'COND': 0.0174, 'members': 24} cov 0.3056 win30k 0.2222 win250k 0.0139
STAR:17 {'dup': 0.2014, 'R3u': 0.3565, 'P_reuse': 0.0095, 'n_recurring': 12} {'dup': 0.2014, 'R3u': 0.1826, 'P_reuse': 0.002, 'n_recurring': 6} XG1g {'share': 0.0694, 'COND': 0.0078, 'members': 10} XG1nt {'share': 0.2361, 'COND': 0.0546, 'members': 34} cov 0.3333 win30k 0.25 win250k 0.0139
STAR:18 {'dup': 0.2292, 'R3u': 0.3694, 'P_reuse': 0.019, 'n_recurring': 12} {'dup': 0.2292, 'R3u': 0.2072, 'P_reuse': 0.018, 'n_recurring': 6} XG1g {'share': 0.0903, 'COND': 0.0308, 'members': 13} XG1nt {'share': 0.1667, 'COND': 0.0234, 'members': 24} cov 0.4167 win30k 0.2778 win250k 0.0208
STAR:19 {'dup': 0.2569, 'R3u': 0.243, 'P_reuse': 0.006, 'n_recurring': 8} {'dup': 0.2569, 'R3u': 0.1495, 'P_reuse': 0.005, 'n_recurring': 5} XG1g {'share': 0.0903, 'COND': 0.0308, 'members': 13} XG1nt {'share': 0.2153, 'COND': 0.0284, 'members': 31} cov 0.375 win30k 0.2708 win250k 0.0139
STAR:20 {'dup': 0.1597, 'R3u': 0.3471, 'P_reuse': 0.011, 'n_recurring': 13} {'dup': 0.1597, 'R3u': 0.1983, 'P_reuse': 0.0055, 'n_recurring': 7} XG1g {'share': 0.0833, 'COND': 0.0334, 'members': 12} XG1nt {'share': 0.2153, 'COND': 0.0248, 'members': 31} cov 0.3056 win30k 0.2014 win250k 0.0278
STAR:21 {'dup': 0.1736, 'R3u': 0.3529, 'P_reuse': 0.016, 'n_recurring': 12} {'dup': 0.1736, 'R3u': 0.2185, 'P_reuse': 0.006, 'n_recurring': 8} XG1g {'share': 0.1111, 'COND': 0.01, 'members': 16} XG1nt {'share': 0.1944, 'COND': 0.0097, 'members': 28} cov 0.2569 win30k 0.1736 win250k 0.0556
STAR:22 {'dup': 0.2917, 'R3u': 0.2157, 'P_reuse': 0.018, 'n_recurring': 7} {'dup': 0.2917, 'R3u': 0.098, 'P_reuse': 0.0035, 'n_recurring': 3} XG1g {'share': 0.125, 'COND': 0.0048, 'members': 18} XG1nt {'share': 0.2014, 'COND': 0.0168, 'members': 29} cov 0.4236 win30k 0.2708 win250k 0.0208
STAR:23 {'dup': 0.2222, 'R3u': 0.2768, 'P_reuse': 0.0135, 'n_recurring': 9} {'dup': 0.2222, 'R3u': 0.1518, 'P_reuse': 0.0075, 'n_recurring': 5} XG1g {'share': 0.1389, 'COND': 0.0096, 'members': 20} XG1nt {'share': 0.2569, 'COND': 0.021, 'members': 37} cov 0.2847 win30k 0.2222 win250k 0.0278
U:0 {'dup': 0.0903, 'R3u': 0.374, 'P_reuse': 0.0225, 'n_recurring': 13} {'dup': 0.0903, 'R3u': 0.3206, 'P_reuse': 0.0155, 'n_recurring': 11} XG1g {'share': 0.0556, 'COND': 0.019, 'members': 8} XG1nt {'share': 0.1042, 'COND': 0.0101, 'members': 15} cov 0.2431 win30k 0.1389 win250k 0.0208
U:1 {'dup': 0.0903, 'R3u': 0.2595, 'P_reuse': 0.016, 'n_recurring': 10} {'dup': 0.0903, 'R3u': 0.1603, 'P_reuse': 0.0085, 'n_recurring': 6} XG1g {'share': 0.0833, 'COND': 0.0072, 'members': 12} XG1nt {'share': 0.1597, 'COND': 0.0045, 'members': 23} cov 0.2569 win30k 0.1667 win250k 0.0278
U:2 {'dup': 0.0417, 'R3u': 0.1159, 'P_reuse': 0.003, 'n_recurring': 5} {'dup': 0.0417, 'R3u': 0.0725, 'P_reuse': 0.0035, 'n_recurring': 3} XG1g {'share': 0.0486, 'COND': 0.0012, 'members': 7} XG1nt {'share': 0.125, 'COND': 0.0009, 'members': 18} cov 0.2292 win30k 0.1667 win250k 0.0069
U:3 {'dup': 0.0833, 'R3u': 0.25, 'P_reuse': 0.01, 'n_recurring': 9} {'dup': 0.0833, 'R3u': 0.1439, 'P_reuse': 0.004, 'n_recurring': 5} XG1g {'share': 0.0556, 'COND': 0.001, 'members': 8} XG1nt {'share': 0.1181, 'COND': 0.0015, 'members': 17} cov 0.2639 win30k 0.1736 win250k 0.0278
U:4 {'dup': 0.0625, 'R3u': 0.2741, 'P_reuse': 0.012, 'n_recurring': 11} {'dup': 0.0625, 'R3u': 0.2444, 'P_reuse': 0.012, 'n_recurring': 10} XG1g {'share': 0.0556, 'COND': 0.0, 'members': 8} XG1nt {'share': 0.1181, 'COND': 0.0005, 'members': 17} cov 0.2778 win30k 0.2153 win250k 0.0069
U:5 {'dup': 0.0417, 'R3u': 0.2826, 'P_reuse': 0.016, 'n_recurring': 10} {'dup': 0.0417, 'R3u': 0.2319, 'P_reuse': 0.016, 'n_recurring': 8} XG1g {'share': 0.0486, 'COND': 0.0, 'members': 7} XG1nt {'share': 0.1528, 'COND': 0.0071, 'members': 22} cov 0.2222 win30k 0.1667 win250k 0.0278
{
 "criteria": {
  "W1_syntactic+X_nontrivial": {
   "C1_frac_seeds_LIN_Preuse_ge_5x_STAR": 0.9167,
   "C1_pass(>=.80)": true,
   "C2_LIN_jaccard": 0.0998,
   "C2_pass(<=.10)": true,
   "C3_LIN_dup_mean": 0.4291,
   "C3_frac_seeds_dup_le_.35": 0.25,
   "C3_pass(mean<=.35)": false,
   "C4_frac_XG1_ge_.10": 0.2917,
   "C4_frac_XG1_le_.02": 0.25,
   "C4_pass": true,
   "paired_Preuse_ratio_median": 13.533,
   "ALL_PASS": false
  },
  "genuine+X_genuine": {
   "C1_frac_seeds_LIN_Preuse_ge_5x_STAR": 0.875,
   "C1_pass(>=.80)": true,
   "C2_LIN_jaccard": 0.0997,
   "C2_pass(<=.10)": true,
   "C3_LIN_dup_mean": 0.4291,
   "C3_frac_seeds_dup_le_.35": 0.25,
   "C3_pass(mean<=.35)": false,
   "C4_frac_XG1_ge_.10": 0.125,
   "C4_frac_XG1_le_.02": 0.5833,
   "C4_pass": false,
   "paired_Preuse_ratio_median": 13.908,
   "ALL_PASS": false
  }
 },
 "panel": {
  "PA": {
   "schema": "({H} + v)",
   "U_genuine": {
    "share": 0.0579,
    "COND": 0.0043,
    "members": 50
   },
   "ratio_share": 1.0,
   "ratio_COND": 0.977,
   "matched": true,
   "U_member_jaccard_with_G1": 0.094
  },
  "PB": {
   "schema": "math.gcd(abs(acc), abs({H}))",
   "U_genuine": {
    "share": 0.0648,
    "COND": 0.0062,
    "members": 56
   },
   "ratio_share": 1.119,
   "ratio_COND": 1.409,
   "matched": true,
   "U_member_jaccard_with_G1": 0.0
  },
  "PC": {
   "schema": "(v // {H})",
   "U_genuine": {
    "share": 0.0648,
    "COND": 0.0144,
    "members": 56
   },
   "ratio_share": 1.119,
   "ratio_COND": 3.273,
   "matched": false,
   "U_member_jaccard_with_G1": 0.0
  },
  "PD": {
   "schema": "math.gcd(abs({H}), abs(v))",
   "U_genuine": {
    "share": 0.0764,
    "COND": 0.0158,
    "members": 66
   },
   "ratio_share": 1.32,
   "ratio_COND": 3.591,
   "matched": false,
   "U_member_jaccard_with_G1": 0.0
  }
 }
}
LIN {"n_seeds": 24, "admit_per_proposal": {"mean": 0.1028, "median": 0.0992, "min": 0.071, "max": 0.1394}, "jaccard_syntactic": 0.0998, "jaccard_genuine": 0.0997, "covered": {"mean": 0.3093, "median": 0.3055, "min": 0.0556, "max": 0.625}, "syntactic_dup": {"mean": 0.4291, "median": 0.4548, "min": 0.2639, "max": 0.625}, "syntactic_R3u": {"mean": 0.5649, "median": 0.5515, "min": 0.3906, "max": 0.7975}, "syntactic_P_reuse": {"mean": 0.2135, "median": 0.1863, "min": 0.068, "max": 0.445}, "syntactic_n_recurring": {"mean": 11.8333, "median": 12.0, "min": 6, "max": 19}, "genuine_dup": {"mean": 0.4291, "median": 0.4548, "min": 0.2639, "max": 0.625}, "genuine_R3u": {"mean": 0.3817, "median": 0.3982, "min": 0.1667, "max": 0.6329}, "genuine_P_reuse": {"mean": 0.1348, "median": 0.1, "min": 0.035, "max": 0.324}, "genuine_n_recurring": {"mean": 7.8333, "median": 8.0, "min": 4, "max": 12}, "X_genuine_G1_COND": {"mean": 0.051, "median": 0.0099, "min": 0.0, "max": 0.3056}, "X_genuine_G1_share": {"mean": 0.0796, "median": 0.0486, "min": 0.0139, "max": 0.4028}, "X_genuine_PA_COND": {"mean": 0.1521, "median": 0.1013, "min": 0.0014, "max": 0.6613}, "X_genuine_PA_share": {"mean": 0.1236, "median": 0.1146, "min": 0.0278, "max": 0.2639}, "X_genuine_PB_COND": {"mean": 0.0169, "median": 0.004, "min": 0.0, "max": 0.1377}, "X_genuine_PB_share": {"mean": 0.0518, "median": 0.0451, "min": 0.0, "max": 0.2153}, "X_genuine_PC_COND": {"mean": 0.082, "median": 0.089, "min": 0.0014, "max": 0.1887}, "X_genuine_PC_share": {"mean": 0.1383, "median": 0.1458, "min": 0.0278, "max": 0.2708}, "X_genuine_PD_COND": {"mean": 0.0412, "median": 0.021, "min": 0.0, "max": 0.2079}, "X_genuine_PD_share": {"mean": 0.0657, "median": 0.0625, "min": 0.0, "max": 0.1944}, "X_genuine_G1_frac_ge_.10": 0.125, "X_genuine_G1_frac_le_.02": 0.5833, "X_nontrivial_G1_COND": {"mean": 0.0882, "median": 0.0422, "min": 0.0, "max": 0.3642}, "X_nontrivial_G1_share": {"mean": 0.1921, "median": 0.1667, "min": 0.0278, "max": 0.5556}, "X_nontrivial_PA_COND": {"mean": 0.1304, "median": 0.0852, "min": 0.0008, "max": 0.5432}, "X_nontrivial_PA_share": {"mean": 0.2063, "median": 0.191, "min": 0.0556, "max": 0.5}, "X_nontrivial_PB_COND": {"mean": 0.0169, "median": 0.004, "min": 0.0, "max": 0.1377}, "X_nontrivial_PB_share": {"mean": 0.0518, "median": 0.0451, "min": 0.0, "max": 0.2153}, "X_nontrivial_PC_COND": {"mean": 0.082, "median": 0.089, "min": 0.0014, "max": 0.1887}, "X_nontrivial_PC_share": {"mean": 0.1383, "median": 0.1458, "min": 0.0278, "max": 0.2708}, "X_nontrivial_PD_COND": {"mean": 0.0412, "median": 0.021, "min": 0.0, "max": 0.2079}, "X_nontrivial_PD_share": {"mean": 0.0657, "median": 0.0625, "min": 0.0, "max": 0.1944}, "X_nontrivial_G1_frac_ge_.10": 0.2917, "X_nontrivial_G1_frac_le_.02": 0.25, "window_30000": {"mean": 0.2075, "median": 0.1945, "min": 0.0347, "max": 0.4722}, "p1_30000": {"mean": 0.0504, "median": 0.0486, "min": 0.0139, "max": 0.1042}, "p0_30000": {"mean": 0.7422, "median": 0.75, "min": 0.4653, "max": 0.9514}, "window_100000": {"mean": 0.1282, "median": 0.1215, "min": 0.0208, "max": 0.2708}, "p1_100000": {"mean": 0.18, "median": 0.191, "min": 0.0347, "max": 0.3542}, "p0_100000": {"mean": 0.6918, "median": 0.6945, "min": 0.375, "max": 0.9444}, "window_250000": {"mean": 0.0211, "median": 0.0208, "min": 0.0, "max": 0.0556}, "p1_250000": {"mean": 0.3093, "median": 0.3055, "min": 0.0556, "max": 0.625}, "p0_250000": {"mean": 0.6696, "median": 0.6806, "min": 0.3611, "max": 0.9236}, "window_1000000": {"mean": 0.1337, "median": 0.1319, "min": 0.0833, "max": 0.1944}, "p1_1000000": {"mean": 0.3093, "median": 0.3055, "min": 0.0556, "max": 0.625}, "p0_1000000": {"mean": 0.557, "median": 0.5694, "min": 0.2778, "max": 0.8194}}
STAR {"n_seeds": 24, "admit_per_proposal": {"mean": 0.0107, "median": 0.0109, "min": 0.0096, "max": 0.0119}, "jaccard_syntactic": 0.2111, "jaccard_genuine": 0.1852, "covered": {"mean": 0.3446, "median": 0.3472, "min": 0.2569, "max": 0.4236}, "syntactic_dup": {"mean": 0.2063, "median": 0.2014, "min": 0.1528, "max": 0.2917}, "syntactic_R3u": {"mean": 0.2936, "median": 0.292, "min": 0.1963, "max": 0.3694}, "syntactic_P_reuse": {"mean": 0.0144, "median": 0.0135, "min": 0.0055, "max": 0.042}, "syntactic_n_recurring": {"mean": 10.0417, "median": 10.0, "min": 6, "max": 14}, "genuine_dup": {"mean": 0.2063, "median": 0.2014, "min": 0.1528, "max": 0.2917}, "genuine_R3u": {"mean": 0.1709, "median": 0.1826, "min": 0.098, "max": 0.2321}, "genuine_P_reuse": {"mean": 0.0083, "median": 0.006, "min": 0.002, "max": 0.0305}, "genuine_n_recurring": {"mean": 5.6667, "median": 6.0, "min": 3, "max": 8}, "X_genuine_G1_COND": {"mean": 0.0196, "median": 0.0157, "min": 0.0, "max": 0.0677}, "X_genuine_G1_share": {"mean": 0.0975, "median": 0.0903, "min": 0.0556, "max": 0.1389}, "X_genuine_PA_COND": {"mean": 0.0345, "median": 0.021, "min": 0.0012, "max": 0.1381}, "X_genuine_PA_share": {"mean": 0.1079, "median": 0.1007, "min": 0.0486, "max": 0.1806}, "X_genuine_PB_COND": {"mean": 0.0031, "median": 0.0022, "min": 0.0, "max": 0.0133}, "X_genuine_PB_share": {"mean": 0.0657, "median": 0.066, "min": 0.0278, "max": 0.1111}, "X_genuine_PC_COND": {"mean": 0.0585, "median": 0.0535, "min": 0.0117, "max": 0.1293}, "X_genuine_PC_share": {"mean": 0.1409, "median": 0.1354, "min": 0.0972, "max": 0.2083}, "X_genuine_PD_COND": {"mean": 0.0088, "median": 0.0051, "min": 0.0, "max": 0.0385}, "X_genuine_PD_share": {"mean": 0.0651, "median": 0.059, "min": 0.0278, "max": 0.1111}, "X_genuine_G1_frac_ge_.10": 0.0, "X_genuine_G1_frac_le_.02": 0.625, "X_nontrivial_G1_COND": {"mean": 0.0251, "median": 0.0205, "min": 0.0043, "max": 0.0546}, "X_nontrivial_G1_share": {"mean": 0.1982, "median": 0.2014, "min": 0.1181, "max": 0.2708}, "X_nontrivial_PA_COND": {"mean": 0.0295, "median": 0.0226, "min": 0.0056, "max": 0.0967}, "X_nontrivial_PA_share": {"mean": 0.1887, "median": 0.184, "min": 0.1389, "max": 0.2569}, "X_nontrivial_PB_COND": {"mean": 0.0031, "median": 0.0022, "min": 0.0, "max": 0.0133}, "X_nontrivial_PB_share": {"mean": 0.0657, "median": 0.066, "min": 0.0278, "max": 0.1111}, "X_nontrivial_PC_COND": {"mean": 0.0581, "median": 0.0535, "min": 0.0117, "max": 0.1245}, "X_nontrivial_PC_share": {"mean": 0.1415, "median": 0.1354, "min": 0.0972, "max": 0.2083}, "X_nontrivial_PD_COND": {"mean": 0.0088, "median": 0.0051, "min": 0.0, "max": 0.0385}, "X_nontrivial_PD_share": {"mean": 0.0654, "median": 0.059, "min": 0.0278, "max": 0.1111}, "X_nontrivial_G1_frac_ge_.10": 0.0, "X_nontrivial_G1_frac_le_.02": 0.4583, "window_30000": {"mean": 0.2445, "median": 0.25, "min": 0.1736, "max": 0.2847}, "p1_30000": {"mean": 0.0489, "median": 0.0417, "min": 0.0208, "max": 0.1042}, "p0_30000": {"mean": 0.7066, "median": 0.7118, "min": 0.6319, "max": 0.7986}, "window_100000": {"mean": 0.1476, "median": 0.1528, "min": 0.0972, "max": 0.1875}, "p1_100000": {"mean": 0.1959, "median": 0.1979, "min": 0.125, "max": 0.2917}, "p0_100000": {"mean": 0.6565, "median": 0.6562, "min": 0.5764, "max": 0.7431}, "window_250000": {"mean": 0.0255, "median": 0.0278, "min": 0.0069, "max": 0.0556}, "p1_250000": {"mean": 0.3446, "median": 0.3472, "min": 0.2569, "max": 0.4236}, "p0_250000": {"mean": 0.6299, "median": 0.625, "min": 0.5556, "max": 0.6944}, "window_1000000": {"mean": 0.1383, "median": 0.1389, "min": 0.0903, "max": 0.1806}, "p1_1000000": {"mean": 0.3446, "median": 0.3472, "min": 0.2569, "max": 0.4236}, "p0_1000000": {"mean": 0.5171, "median": 0.5208, "min": 0.4514, "max": 0.5903}}
U {"n_seeds": 6, "admit_per_proposal": {"mean": 0.0149, "median": 0.0151, "min": 0.0135, "max": 0.0161}, "jaccard_syntactic": 0.1762, "jaccard_genuine": 0.1663, "covered": {"mean": 0.2489, "median": 0.25, "min": 0.2222, "max": 0.2778}, "syntactic_dup": {"mean": 0.0683, "median": 0.0729, "min": 0.0417, "max": 0.0903}, "syntactic_R3u": {"mean": 0.2594, "median": 0.2668, "min": 0.1159, "max": 0.374}, "syntactic_P_reuse": {"mean": 0.0132, "median": 0.014, "min": 0.003, "max": 0.0225}, "syntactic_n_recurring": {"mean": 9.6667, "median": 10.0, "min": 5, "max": 13}, "genuine_dup": {"mean": 0.0683, "median": 0.0729, "min": 0.0417, "max": 0.0903}, "genuine_R3u": {"mean": 0.1956, "median": 0.1961, "min": 0.0725, "max": 0.3206}, "genuine_P_reuse": {"mean": 0.0099, "median": 0.0103, "min": 0.0035, "max": 0.016}, "genuine_n_recurring": {"mean": 7.1667, "median": 7.0, "min": 3, "max": 11}, "X_genuine_G1_COND": {"mean": 0.0047, "median": 0.0011, "min": 0.0, "max": 0.019}, "X_genuine_G1_share": {"mean": 0.0579, "median": 0.0556, "min": 0.0486, "max": 0.0833}, "X_genuine_PA_COND": {"mean": 0.0032, "median": 0.0013, "min": 0.0, "max": 0.0095}, "X_genuine_PA_share": {"mean": 0.0579, "median": 0.0486, "min": 0.0278, "max": 0.1111}, "X_genuine_PB_COND": {"mean": 0.0046, "median": 0.004, "min": 0.0, "max": 0.0087}, "X_genuine_PB_share": {"mean": 0.0648, "median": 0.066, "min": 0.0486, "max": 0.0833}, "X_genuine_PC_COND": {"mean": 0.0133, "median": 0.0059, "min": 0.0014, "max": 0.0334}, "X_genuine_PC_share": {"mean": 0.0648, "median": 0.0694, "min": 0.0347, "max": 0.0903}, "X_genuine_PD_COND": {"mean": 0.0109, "median": 0.0109, "min": 0.001, "max": 0.0217}, "X_genuine_PD_share": {"mean": 0.0764, "median": 0.0764, "min": 0.0556, "max": 0.0972}, "X_genuine_G1_frac_ge_.10": 0.0, "X_genuine_G1_frac_le_.02": 1.0, "X_nontrivial_G1_COND": {"mean": 0.0041, "median": 0.003, "min": 0.0005, "max": 0.0101}, "X_nontrivial_G1_share": {"mean": 0.1296, "median": 0.1215, "min": 0.1042, "max": 0.1597}, "X_nontrivial_PA_COND": {"mean": 0.0047, "median": 0.0036, "min": 0.0, "max": 0.0146}, "X_nontrivial_PA_share": {"mean": 0.1018, "median": 0.0833, "min": 0.0694, "max": 0.1944}, "X_nontrivial_PB_COND": {"mean": 0.0046, "median": 0.004, "min": 0.0, "max": 0.0087}, "X_nontrivial_PB_share": {"mean": 0.0648, "median": 0.066, "min": 0.0486, "max": 0.0833}, "X_nontrivial_PC_COND": {"mean": 0.0132, "median": 0.0057, "min": 0.0014, "max": 0.0334}, "X_nontrivial_PC_share": {"mean": 0.066, "median": 0.0729, "min": 0.0347, "max": 0.0903}, "X_nontrivial_PD_COND": {"mean": 0.0109, "median": 0.0109, "min": 0.001, "max": 0.0217}, "X_nontrivial_PD_share": {"mean": 0.0764, "median": 0.0764, "min": 0.0556, "max": 0.0972}, "X_nontrivial_G1_frac_ge_.10": 0.0, "X_nontrivial_G1_frac_le_.02": 1.0, "window_30000": {"mean": 0.1713, "median": 0.1667, "min": 0.1389, "max": 0.2153}, "p1_30000": {"mean": 0.0382, "median": 0.0382, "min": 0.0208, "max": 0.0625}, "p0_30000": {"mean": 0.7905, "median": 0.7952, "min": 0.7639, "max": 0.8125}, "window_100000": {"mean": 0.1018, "median": 0.1076, "min": 0.0833, "max": 0.1181}, "p1_100000": {"mean": 0.1458, "median": 0.1493, "min": 0.1181, "max": 0.1597}, "p0_100000": {"mean": 0.7523, "median": 0.7535, "min": 0.7222, "max": 0.7778}, "window_250000": {"mean": 0.0197, "median": 0.0243, "min": 0.0069, "max": 0.0278}, "p1_250000": {"mean": 0.2489, "median": 0.25, "min": 0.2222, "max": 0.2778}, "p0_250000": {"mean": 0.7315, "median": 0.7257, "min": 0.7083, "max": 0.7639}, "window_1000000": {"mean": 0.1018, "median": 0.1146, "min": 0.0556, "max": 0.1319}, "p1_1000000": {"mean": 0.2489, "median": 0.25, "min": 0.2222, "max": 0.2778}, "p0_1000000": {"mean": 0.6493, "median": 0.6389, "min": 0.6042, "max": 0.7153}}
