LIN:0 0.4514 0.7975 0.3255 15 0.6329 0.324 10 0.0414 0.0 0.0139 0.3542 0.2361 0.0278
LIN:1 0.4167 0.4048 0.068 9 0.1667 0.037 4 0.034 0.045 0.0903 0.1944 0.1319 0.0347
LIN:2 0.2639 0.6226 0.203 19 0.4057 0.1805 11 0.0113 0.0 0.0347 0.2847 0.1875 0.0
LIN:3 0.5139 0.5143 0.2035 8 0.4143 0.191 6 0.0 0.0 0.0208 0.2569 0.1458 0.0278
LIN:4 0.4583 0.4487 0.114 12 0.3077 0.096 8 0.0615 0.0936 0.1319 0.2986 0.1736 0.0556
LIN:5 0.4722 0.5789 0.204 14 0.4079 0.21 10 0.0006 0.0 0.0486 0.2153 0.1597 0.0208
LIN:6 0.4722 0.4868 0.1595 10 0.4342 0.1605 9 0.0118 0.0112 0.0486 0.3819 0.2639 0.0208
LIN:7 0.4792 0.6 0.165 13 0.2533 0.073 5 0.0467 0.0 0.0417 0.3819 0.2639 0.0417
LIN:8 0.3681 0.6484 0.076 16 0.3077 0.035 8 0.0573 0.0 0.0208 0.4236 0.2917 0.0139
LIN:9 0.4653 0.4935 0.1095 11 0.3506 0.094 7 0.043 0.0028 0.0417 0.2292 0.125 0.0208
LIN:10 0.625 0.463 0.202 7 0.3519 0.1935 5 0.0213 0.0369 0.0486 0.2292 0.1319 0.0208
LIN:11 0.3056 0.54 0.1705 13 0.33 0.059 8 0.0436 0.0606 0.1389 0.0556 0.0347 0.0208
LIN:12 0.3403 0.6842 0.336 14 0.5474 0.294 11 0.2552 0.3056 0.4028 0.3194 0.2153 0.0
LIN:13 0.3264 0.5773 0.169 14 0.3402 0.135 8 0.1612 0.2426 0.125 0.25 0.1875 0.0139
LIN:14 0.4583 0.5513 0.445 8 0.1923 0.059 4 0.3642 0.0446 0.0625 0.625 0.4722 0.0139
LIN:15 0.3542 0.5269 0.1195 15 0.4516 0.104 11 0.0353 0.0404 0.1319 0.1389 0.0972 0.0278
LIN:16 0.3403 0.7368 0.3695 17 0.4737 0.078 12 0.2748 0.0365 0.0764 0.2292 0.1042 0.0208
LIN:17 0.4583 0.7179 0.34 10 0.4744 0.274 6 0.1193 0.0156 0.0347 0.4167 0.3403 0.0278
LIN:18 0.3958 0.5517 0.131 11 0.4368 0.0885 8 0.0062 0.0 0.0208 0.3125 0.2292 0.0069
LIN:19 0.4722 0.5132 0.0725 12 0.4211 0.077 10 0.2353 0.2716 0.1667 0.3819 0.2708 0.0278
LIN:20 0.3403 0.6316 0.394 12 0.5158 0.1915 9 0.0 0.0 0.0139 0.2431 0.1667 0.0278
LIN:21 0.5625 0.5079 0.2375 7 0.2063 0.0745 4 0.2242 0.0028 0.0208 0.3125 0.2014 0.0069
LIN:22 0.5556 0.3906 0.1645 6 0.3906 0.155 6 0.0343 0.0064 0.0347 0.5278 0.3472 0.0139
LIN:23 0.4028 0.5698 0.345 11 0.3488 0.0505 8 0.0351 0.0086 0.1389 0.3611 0.2014 0.0139
STAR:0 0.2014 0.3217 0.0205 10 0.2 0.009 6 0.0539 0.001 0.0556 0.3889 0.2778 0.0278
STAR:1 0.2569 0.1963 0.017 6 0.1028 0.013 3 0.0426 0.0677 0.1111 0.3472 0.25 0.0278
STAR:2 0.1667 0.3083 0.009 13 0.2083 0.003 8 0.0201 0.004 0.0694 0.3611 0.2569 0.0208
STAR:3 0.2222 0.2768 0.042 8 0.2321 0.0305 7 0.0181 0.0108 0.0972 0.3403 0.2431 0.0139
STAR:4 0.2014 0.2696 0.0055 9 0.1826 0.0045 6 0.0043 0.0 0.0625 0.2847 0.2083 0.0278
STAR:5 0.1597 0.3554 0.01 14 0.1901 0.0115 7 0.0178 0.0143 0.125 0.3611 0.2361 0.0069
STAR:6 0.1528 0.3115 0.014 11 0.1721 0.0045 6 0.0283 0.0308 0.1389 0.3264 0.2569 0.0347
STAR:7 0.2222 0.3214 0.0135 12 0.1607 0.0065 6 0.0264 0.0315 0.0903 0.375 0.2361 0.0139
STAR:8 0.2222 0.2946 0.015 10 0.2143 0.008 7 0.0162 0.0205 0.0903 0.3889 0.2847 0.0278
STAR:9 0.1806 0.3475 0.01 12 0.1949 0.008 7 0.0315 0.0184 0.0972 0.3542 0.25 0.0278
STAR:10 0.2014 0.3304 0.0215 11 0.2087 0.017 7 0.0394 0.0431 0.1319 0.3264 0.2222 0.0486
STAR:11 0.1875 0.2393 0.0155 8 0.1197 0.006 3 0.0159 0.0198 0.0903 0.3611 0.2431 0.0278
STAR:12 0.2361 0.2727 0.0095 8 0.1364 0.0035 4 0.0414 0.0334 0.0833 0.3264 0.25 0.0139
STAR:13 0.2083 0.2895 0.0085 10 0.1842 0.005 6 0.0186 0.0162 0.1181 0.3472 0.2778 0.0417
STAR:14 0.2639 0.217 0.008 7 0.1132 0.0055 4 0.0125 0.004 0.1111 0.4028 0.2639 0.0278
STAR:15 0.1736 0.2437 0.01 9 0.1176 0.0055 4 0.02 0.0117 0.0903 0.2778 0.2222 0.0278
STAR:16 0.1597 0.2893 0.022 10 0.157 0.0105 5 0.0174 0.0152 0.0694 0.3056 0.2222 0.0139
STAR:17 0.2014 0.3565 0.0095 12 0.1826 0.002 6 0.0546 0.0078 0.0694 0.3333 0.25 0.0139
STAR:18 0.2292 0.3694 0.019 12 0.2072 0.018 6 0.0234 0.0308 0.0903 0.4167 0.2778 0.0208
STAR:19 0.2569 0.243 0.006 8 0.1495 0.005 5 0.0284 0.0308 0.0903 0.375 0.2708 0.0139
STAR:20 0.1597 0.3471 0.011 13 0.1983 0.0055 7 0.0248 0.0334 0.0833 0.3056 0.2014 0.0278
STAR:21 0.1736 0.3529 0.016 12 0.2185 0.006 8 0.0097 0.01 0.1111 0.2569 0.1736 0.0556
STAR:22 0.2917 0.2157 0.018 7 0.098 0.0035 3 0.0168 0.0048 0.125 0.4236 0.2708 0.0208
STAR:23 0.2222 0.2768 0.0135 9 0.1518 0.0075 5 0.021 0.0096 0.1389 0.2847 0.2222 0.0278
U:0 0.0903 0.374 0.0225 13 0.3206 0.0155 11 0.0101 0.019 0.0556 0.2431 0.1389 0.0208
U:1 0.0903 0.2595 0.016 10 0.1603 0.0085 6 0.0045 0.0072 0.0833 0.2569 0.1667 0.0278
U:2 0.0417 0.1159 0.003 5 0.0725 0.0035 3 0.0009 0.0012 0.0486 0.2292 0.1667 0.0069
U:3 0.0833 0.25 0.01 9 0.1439 0.004 5 0.0015 0.001 0.0556 0.2639 0.1736 0.0278
U:4 0.0625 0.2741 0.012 11 0.2444 0.012 10 0.0005 0.0 0.0556 0.2778 0.2153 0.0069
U:5 0.0417 0.2826 0.016 10 0.2319 0.016 8 0.0071 0.0 0.0486 0.2222 0.1667 0.0278
{
 "LIN": {
  "n": {
   "non": 2194,
   "carrier": 1262,
   "g1": 275
  },
  "carrier": {
   "1000000_p0": 0.639,
   "1000000_p1": 0.204,
   "1000000_win": 0.157,
   "100000_p0": 0.798,
   "100000_p1": 0.1,
   "100000_win": 0.102,
   "250000_p0": 0.769,
   "250000_p1": 0.204,
   "250000_win": 0.027,
   "30000_p0": 0.834,
   "30000_p1": 0.021,
   "30000_win": 0.146
  },
  "non": {
   "1000000_p0": 0.51,
   "1000000_p1": 0.37,
   "1000000_win": 0.12,
   "100000_p0": 0.631,
   "100000_p1": 0.226,
   "100000_win": 0.143,
   "250000_p0": 0.612,
   "250000_p1": 0.37,
   "250000_win": 0.018,
   "30000_p0": 0.69,
   "30000_p1": 0.067,
   "30000_win": 0.243
  },
  "g1": {
   "1000000_p0": 0.625,
   "1000000_p1": 0.255,
   "1000000_win": 0.12,
   "100000_p0": 0.745,
   "100000_p1": 0.062,
   "100000_win": 0.193,
   "250000_p0": 0.727,
   "250000_p1": 0.255,
   "250000_win": 0.018,
   "30000_p0": 0.862,
   "30000_p1": 0.011,
   "30000_win": 0.127
  }
 },
 "STAR": {
  "n": {
   "non": 2930,
   "g1": 337,
   "carrier": 526
  },
  "carrier": {
   "1000000_p0": 0.502,
   "1000000_p1": 0.342,
   "1000000_win": 0.156,
   "100000_p0": 0.658,
   "100000_p1": 0.169,
   "100000_win": 0.173,
   "250000_p0": 0.627,
   "250000_p1": 0.342,
   "250000_win": 0.03,
   "30000_p0": 0.717,
   "30000_p1": 0.059,
   "30000_win": 0.224
  },
  "non": {
   "1000000_p0": 0.52,
   "1000000_p1": 0.345,
   "1000000_win": 0.135,
   "100000_p0": 0.656,
   "100000_p1": 0.201,
   "100000_win": 0.143,
   "250000_p0": 0.63,
   "250000_p1": 0.345,
   "250000_win": 0.025,
   "30000_p0": 0.705,
   "30000_p1": 0.047,
   "30000_win": 0.248
  },
  "g1": {
   "1000000_p0": 0.487,
   "1000000_p1": 0.38,
   "1000000_win": 0.134,
   "100000_p0": 0.626,
   "100000_p1": 0.11,
   "100000_win": 0.264,
   "250000_p0": 0.596,
   "250000_p1": 0.38,
   "250000_win": 0.024,
   "30000_p0": 0.727,
   "30000_p1": 0.018,
   "30000_win": 0.255
  }
 },
 "U": {
  "n": {
   "carrier": 167,
   "g1": 50,
   "non": 697
  },
  "carrier": {
   "1000000_p0": 0.557,
   "1000000_p1": 0.317,
   "1000000_win": 0.126,
   "100000_p0": 0.683,
   "100000_p1": 0.198,
   "100000_win": 0.12,
   "250000_p0": 0.641,
   "250000_p1": 0.317,
   "250000_win": 0.042,
   "30000_p0": 0.725,
   "30000_p1": 0.036,
   "30000_win": 0.24
  },
  "non": {
   "1000000_p0": 0.671,
   "1000000_p1": 0.232,
   "1000000_win": 0.096,
   "100000_p0": 0.769,
   "100000_p1": 0.133,
   "100000_win": 0.098,
   "250000_p0": 0.753,
   "250000_p1": 0.232,
   "250000_win": 0.014,
   "30000_p0": 0.806,
   "30000_p1": 0.039,
   "30000_win": 0.155
  },
  "g1": {
   "1000000_p0": 0.74,
   "1000000_p1": 0.18,
   "1000000_win": 0.08,
   "100000_p0": 0.82,
   "100000_p1": 0.08,
   "100000_win": 0.1,
   "250000_p0": 0.82,
   "250000_p1": 0.18,
   "30000_p0": 0.86,
   "30000_win": 0.14
  }
 }
}
{
 "n": 12,
 "dup_mean": 0.0,
 "R3u_mean": 0.6898,
 "P_reuse_mean": 0.1481,
 "P_reuse_gen_mean": 0.1092,
 "frac_Preuse_ge_5x_STAR_same_seed": 0.833,
 "jaccard": 0.1668,
 "XG1_gen_frac_ge_.10": 0.167,
 "XG1_gen_frac_le_.02": 0.5,
 "genuine_pairs_unknown_frac": 0.21
}
