[W8 10:38:25] panel: 40 clean candidates; G1 raw {'share': 0.1296, 'COND': 0.0046, 'members': 112}
[W8 10:38:25] panel: 13 candidates survive raw pre-filter
[W8 10:38:25] genuine: 6790 pairs, 6790 to test
[W8 10:39:16] genuine 1/170 chunks
[W8 10:39:50] genuine 11/170 chunks
[W8 10:40:45] genuine 21/170 chunks
[W8 10:42:01] genuine 31/170 chunks
[W8 10:43:18] genuine 41/170 chunks
[W8 10:44:24] genuine 51/170 chunks
[W8 10:45:27] genuine 61/170 chunks
[W8 10:47:03] genuine 71/170 chunks
[W8 10:48:12] genuine 81/170 chunks
[W8 10:49:17] genuine 91/170 chunks
[W8 10:50:15] genuine 101/170 chunks
[W8 10:50:50] genuine 111/170 chunks
[W8 10:51:30] genuine 121/170 chunks
[W8 10:51:58] genuine 131/170 chunks
[W8 10:52:47] genuine 141/170 chunks
[W8 10:54:14] genuine 151/170 chunks
[W8 10:54:53] genuine 161/170 chunks
[W8 10:56:11] panel: G1 {'share': 0.0579, 'COND': 0.0044, 'members': 50}; matched 3
