{
 "task_id": "tsk-8961e7e3657f",
 "created": true,
 "state": "submitted"
}
{
 "task_id": "tsk-a15a6f1ee08a",
 "created": true,
 "state": "submitted"
}
{
 "task_id": "tsk-4388ffc907cd",
 "created": true,
 "state": "submitted"
}
{
 "task_id": "tsk-3beb6ec5eb3e",
 "created": true,
 "state": "submitted"
}
{
 "task_id": "tsk-7314901fd738",
 "created": true,
 "state": "submitted"
}
{
 "task_id": "tsk-8093fe14bbe9",
 "created": true,
 "state": "submitted"
}
{
 "task_id": "tsk-49c4a02f2d3b",
 "created": true,
 "state": "submitted"
}
{
 "task_id": "tsk-22f1004a88e8",
 "created": true,
 "state": "submitted"
}
{
 "task_id": "tsk-9e0f1b205c49",
 "created": true,
 "state": "submitted"
}
{
 "task_id": "tsk-7d1fc51453d4",
 "created": true,
 "state": "submitted"
}
{
 "task_id": "tsk-de948f107116",
 "created": true,
 "state": "submitted"
}
