{
 "task_id": "tsk-4ec40adae0cf",
 "created": true,
 "state": "submitted"
}
{
 "task_id": "tsk-274ce3faf027",
 "created": true,
 "state": "submitted"
}
{
 "task_id": "tsk-ebf81ebd021e",
 "created": true,
 "state": "submitted"
}
{
 "task_id": "tsk-e8f3c0851f07",
 "created": true,
 "state": "submitted"
}
{
 "task_id": "tsk-5a1d4388be81",
 "created": true,
 "state": "submitted"
}
{
 "task_id": "tsk-15ea320a3790",
 "created": true,
 "state": "submitted"
}
{
 "task_id": "tsk-e8de47f7af22",
 "created": true,
 "state": "submitted"
}
{
 "task_id": "tsk-97a1f0cec5d0",
 "created": true,
 "state": "submitted"
}
{
 "task_id": "tsk-26c09284360f",
 "created": true,
 "state": "submitted"
}
{
 "task_id": "tsk-3e266247dc6c",
 "created": true,
 "state": "submitted"
}
