A-R0-desert DESERT_CONTROL H_null 0.09 planted 20 nodes R 1.00 rung 0
A-R1-desert DESERT_CONTROL H_null 0.01 planted 23 nodes R 1.00 rung 1
A-R2-desert DESERT_CONTROL H_null 0.10 planted 22 nodes R 1.00 rung 2
A-R2-stepping GOLDILOCKS H_null 0.52 planted 22 nodes R 1.00 rung 2
A-R2-yoked GOLDILOCKS H_null 0.70 planted 22 nodes R 0.66 rung 2
A-R3-desert DESERT_CONTROL H_null 0.03 planted 25 nodes R 1.00 rung 3
A-R3-stepping GOLDILOCKS H_null 0.34 planted 25 nodes R 1.00 rung 3
A-R3-yoked GOLDILOCKS H_null 0.68 planted 25 nodes R 0.66 rung 3
B-R2-desert DESERT_CONTROL H_null 0.05 planted 27 nodes R 1.00 rung 2
B-R2-stepping GOLDILOCKS H_null 0.49 planted 29 nodes R 1.00 rung 2
B-R2-yoked GOLDILOCKS H_null 0.69 planted 27 nodes R 0.66 rung 2
B-R3-desert DESERT_CONTROL H_null 0.05 planted 32 nodes R 1.00 rung 3
N-R2-desert DESERT_CONTROL H_null 0.03 planted 26 nodes R 1.00 rung 2
N-R2-stepping DESERT_CONTROL H_null 0.07 planted 26 nodes R 1.00 rung 2
N-R2-yoked GOLDILOCKS H_null 0.68 planted 26 nodes R 0.67 rung 2
N-R3-desert DESERT_CONTROL H_null 0.07 planted 36 nodes R 1.00 rung 3
N-R3-stepping DESERT_CONTROL H_null 0.17 planted 36 nodes R 1.00 rung 3
N-R3-yoked GOLDILOCKS H_null 0.69 planted 36 nodes R 0.65 rung 3
C-R2-desert GOLDILOCKS H_null 0.54 planted 8 nodes R 0.80 rung -1
C-R2-stepping GOLDILOCKS H_null 0.57 planted 8 nodes R 0.79 rung -1
C-R2-yoked GOLDILOCKS H_null 0.57 planted 8 nodes R 0.78 rung -1
