{
 "task_id": "tsk-1c08cd22e885",
 "created": true,
 "state": "submitted"
}
{
 "task_id": "tsk-ae7fb92190a0",
 "created": true,
 "state": "submitted"
}
{
 "task_id": "tsk-9a3f777ab02d",
 "created": true,
 "state": "submitted"
}
{
 "task_id": "tsk-39b84f2a37f0",
 "created": true,
 "state": "submitted"
}
{
 "task_id": "tsk-3e6dcf030c39",
 "created": true,
 "state": "submitted"
}
{
 "task_id": "tsk-e935503d7a66",
 "created": true,
 "state": "submitted"
}
{
 "task_id": "tsk-aa23b79890b1",
 "created": true,
 "state": "submitted"
}
{
 "task_id": "tsk-a5a252cdb955",
 "created": true,
 "state": "submitted"
}
{
 "task_id": "tsk-117ab1ad9022",
 "created": true,
 "state": "submitted"
}
{
 "task_id": "tsk-97da4d13fda5",
 "created": true,
 "state": "submitted"
}
