{
 "classification": "SIGNAL",
 "seeds": 128,
 "eligible_seeds": 55,
 "members": 192,
 "categories": {
  "GENOME": 187,
  "STATE": 1,
  "CONTEXT": 1,
  "COPIES": 3
 },
 "founder_fresh_control": "157/192",
 "members_same_as_founder": 0,
 "median_pop_similar_share": 0.0,
 "median_last_birth_epoch": 4,
 "median_members_alive": 2,
 "n_alive_median": 256,
 "erosion_pooled_eligible": {
  "interactions": 25762,
  "overwritten": 852,
  "changed": 14772,
  "bytes_changed": 81934,
  "by_self": 3507,
  "by_partner": 3241,
  "by_both": 8024,
  "by_neither": 0
 }
}
