[a17 14:01:54] stage e1 fasteval=True workers=8
[a17 14:02:57] e1 conformance {'part1_GREEN': True, 'part1_checked': 21600, 'part2_checked': 602610, 'part2_mismatches': 0, 'GREEN': True}
[a17 14:02:58] E(A) shams hashed [('({H} - (acc - first))', '0287a8fe'), ('(acc % {H})', 'e681d5ef'), ('pow(last, {H})', 'b4dfddf2'), ('pow(1, {H})', '5c119d7a'), ('(first % (0 - {H}))', 'f379d0cd'), ('pow(0, pow({H}, last))', '7a24d129'), ('pow(v, (v + {H}))', '7c25fc87'), ('(0 % {H})', '6e767ece')]
[a17 14:07:22] E(A) donor G1 r0 classes=2 cands=[('(acc + {H})', False)] sel=INHERITED NEW=False
[a17 14:07:22] E(A) donor P r0 classes=0 cands=[] sel=INHERITED NEW=False
[a17 14:07:22] E(A) donor G1 r1 classes=2 cands=[('(acc + {H})', False)] sel=INHERITED NEW=False
[a17 14:07:22] E(A) donor P r1 classes=0 cands=[] sel=INHERITED NEW=False
[a17 14:07:22] E(A) donor G1 r2 classes=2 cands=[('(acc + {H})', False)] sel=INHERITED NEW=False
[a17 14:07:22] E(A) donor P r2 classes=1 cands=[] sel=INHERITED NEW=False
[a17 14:07:22] E(A) donor G1 r3 classes=2 cands=[('(acc + {H})', False)] sel=INHERITED NEW=False
[a17 14:07:22] E(A) donor P r3 classes=1 cands=[] sel=INHERITED NEW=False
[a17 14:07:22] E(A) donor G1 r4 classes=2 cands=[('(acc + {H})', False)] sel=INHERITED NEW=False
[a17 14:07:22] E(A) donor P r4 classes=0 cands=[] sel=INHERITED NEW=False
[a17 14:07:22] E(A) donor G1 r5 classes=2 cands=[('(acc + {H})', False)] sel=INHERITED NEW=False
[a17 14:07:22] E(A) donor P r5 classes=1 cands=[] sel=INHERITED NEW=False
[a17 14:07:22] E(A) donor G1 r6 classes=2 cands=[('(acc + {H})', False)] sel=INHERITED NEW=False
[a17 14:07:22] E(A) donor P r6 classes=0 cands=[] sel=INHERITED NEW=False
[a17 14:07:22] E(A) donor G1 r7 classes=2 cands=[('(acc + {H})', False)] sel=INHERITED NEW=False
[a17 14:07:22] E(A) donor P r7 classes=1 cands=[] sel=INHERITED NEW=False
[a17 14:07:22] E(A) R1 {'altered_replicates': [0, 1, 2, 3, 4, 5, 6, 7], 'R1a': True, 'G1_new_replicates': [], 'P_new_replicates': [], 'discordant_G1_only': 0, 'discordant_P_only': 0, 'sign_test_p': 1.0, 'meta_cost_fallback': None, 'R1b': False, 'PASS': False, 'L2_replicate': None}
[a17 14:07:22] e1 BOUNDED_RSI=NO R1: no SEMANTICALLY_NEW selection by DONOR_G1
EXIT=0
