{
 "classification": "SIGNAL",
 "spearman_rate_vs_atomic_any_copy": 0.741,
 "top3": [
  "7ae3",
  "4931",
  "cb7f"
 ],
 "per_specimen": [
  {
   "specimen": "7ae3f9c1437c8000-s54765-tL-a0",
   "rate": 0.96,
   "side0": 0.0,
   "side1": 0.96,
   "atomic_any_copy": 0.7625,
   "atomic_depth_ge5": 0.6125
  },
  {
   "specimen": "4931614d912c52b2-s1190-tL-a0",
   "rate": 0.29,
   "side0": 0.0,
   "side1": 0.29,
   "atomic_any_copy": 0.875,
   "atomic_depth_ge5": 0.0
  },
  {
   "specimen": "cb7f5ca16e697938-s60768-tL-a0",
   "rate": 0.29,
   "side0": 0.0,
   "side1": 0.29,
   "atomic_any_copy": 1.0,
   "atomic_depth_ge5": 0.75
  },
  {
   "specimen": "c2a87e5970ad345d-s80949-tL-a0",
   "rate": 0.005,
   "side0": 0.005,
   "side1": 0.0,
   "atomic_any_copy": 0.375,
   "atomic_depth_ge5": 0.125
  },
  {
   "specimen": "03650e1ad792eefa-s9040-tL-a0",
   "rate": 0.0,
   "side0": 0.0,
   "side1": 0.0,
   "atomic_any_copy": 0.125,
   "atomic_depth_ge5": 0.0
  },
  {
   "specimen": "08b4c94e2ea65998-s76929-tL-a0",
   "rate": 0.0,
   "side0": 0.0,
   "side1": 0.0,
   "atomic_any_copy": 0.0,
   "atomic_depth_ge5": 0.0
  },
  {
   "specimen": "193576337017c94a-s74845-tL-a0",
   "rate": 0.0,
   "side0": 0.0,
   "side1": 0.0,
   "atomic_any_copy": 0.125,
   "atomic_depth_ge5": 0.0
  },
  {
   "specimen": "2c45891544a22e46-s8700-tM-a0",
   "rate": 0.0,
   "side0": 0.0,
   "side1": 0.0,
   "atomic_any_copy": 0.0,
   "atomic_depth_ge5": 0.0
  },
  {
   "specimen": "48c75e149fc7d62d-s12269-tL-a0",
   "rate": 0.0,
   "side0": 0.0,
   "side1": 0.0,
   "atomic_any_copy": 0.25,
   "atomic_depth_ge5": 0.0
  },
  {
   "specimen": "6da4c0b9a40141f8-s5058-tL-a0",
   "rate": 0.0,
   "side0": 0.0,
   "side1": 0.0,
   "atomic_any_copy": 0.25,
   "atomic_depth_ge5": 0.0
  },
  {
   "specimen": "9cba7113df39009e-s3882-tL-a0",
   "rate": 0.0,
   "side0": 0.0,
   "side1": 0.0,
   "atomic_any_copy": 0.125,
   "atomic_depth_ge5": 0.0
  },
  {
   "specimen": "a62116831aa6d956-s7926-tM-a0",
   "rate": 0.0,
   "side0": 0.0,
   "side1": 0.0,
   "atomic_any_copy": 0.25,
   "atomic_depth_ge5": 0.0
  },
  {
   "specimen": "aaa8c7857c2e5f02-s7313-tM-a0",
   "rate": 0.0,
   "side0": 0.0,
   "side1": 0.0,
   "atomic_any_copy": 0.5,
   "atomic_depth_ge5": 0.0
  },
  {
   "specimen": "dd30f47fda54b9d0-s46022-tL-a0",
   "rate": 0.0,
   "side0": 0.0,
   "side1": 0.0,
   "atomic_any_copy": 0.25,
   "atomic_depth_ge5": 0.0
  },
  {
   "specimen": "e16055dd06cff594-s37315-tL-a0",
   "rate": 0.0,
   "side0": 0.0,
   "side1": 0.0,
   "atomic_any_copy": 0.125,
   "atomic_depth_ge5": 0.0
  },
  {
   "specimen": "ffa6b3fb06df72a7-s55806-tL-a0",
   "rate": 0.0,
   "side0": 0.0,
   "side1": 0.0,
   "atomic_any_copy": 0.25,
   "atomic_depth_ge5": 0.0
  }
 ]
}
